#-----------------------------------------------------------
# Webtalk v2020.2 (64-bit)
# SW Build 3064766 on Wed Nov 18 09:12:45 MST 2020
# IP Build 3064653 on Wed Nov 18 14:17:31 MST 2020
# Start of session at: Mon May  5 15:57:33 2025
# Process ID: 34544
# Current directory: F:/EM_LAB/EM_Instrument/TEMR-3S/Num01_code/Filter/decimation_adaptive/decimation_adaptive_vivado/decimation_adaptive_vivado.sim/sim_1/behav/xsim
# Command line: wbtcv.exe -mode batch -source F:/EM_LAB/EM_Instrument/TEMR-3S/Num01_code/Filter/decimation_adaptive/decimation_adaptive_vivado/decimation_adaptive_vivado.sim/sim_1/behav/xsim/xsim.dir/MDV_LMS_Algorithm_tb_behav/webtalk/xsim_webtalk.tcl -notrace
# Log file: F:/EM_LAB/EM_Instrument/TEMR-3S/Num01_code/Filter/decimation_adaptive/decimation_adaptive_vivado/decimation_adaptive_vivado.sim/sim_1/behav/xsim/webtalk.log
# Journal file: F:/EM_LAB/EM_Instrument/TEMR-3S/Num01_code/Filter/decimation_adaptive/decimation_adaptive_vivado/decimation_adaptive_vivado.sim/sim_1/behav/xsim\webtalk.jou
#-----------------------------------------------------------
source F:/EM_LAB/EM_Instrument/TEMR-3S/Num01_code/Filter/decimation_adaptive/decimation_adaptive_vivado/decimation_adaptive_vivado.sim/sim_1/behav/xsim/xsim.dir/MDV_LMS_Algorithm_tb_behav/webtalk/xsim_webtalk.tcl -notrace
