#-----------------------------------------------------------
# Vivado v2020.2 (64-bit)
# SW Build 3064766 on Wed Nov 18 09:12:45 MST 2020
# IP Build 3064653 on Wed Nov 18 14:17:31 MST 2020
# Start of session at: Fri Jul 18 20:37:02 2025
# Process ID: 29264
# Current directory: G:/EM_LAB/EM_Instrument/TomoTEMR/Num01_code/Filter/decimation_adaptive/decimation_adaptive_vivado
# Command line: vivado.exe -gui_launcher_event rodinguilauncherevent22652 G:\EM_LAB\EM_Instrument\TomoTEMR\Num01_code\Filter\decimation_adaptive\decimation_adaptive_vivado\decimation_adaptive_vivado.xpr
# Log file: G:/EM_LAB/EM_Instrument/TomoTEMR/Num01_code/Filter/decimation_adaptive/decimation_adaptive_vivado/vivado.log
# Journal file: G:/EM_LAB/EM_Instrument/TomoTEMR/Num01_code/Filter/decimation_adaptive/decimation_adaptive_vivado\vivado.jou
#-----------------------------------------------------------
start_gui
open_project G:/EM_LAB/EM_Instrument/TomoTEMR/Num01_code/Filter/decimation_adaptive/decimation_adaptive_vivado/decimation_adaptive_vivado.xpr
update_compile_order -fileset sources_1
launch_simulation
open_wave_config G:/EM_LAB/EM_Instrument/TomoTEMR/Num01_code/Filter/decimation_adaptive/decimation_adaptive_vivado/MDV_LMS_Algorithm_tb_behav.wcfg
source MDV_LMS_Algorithm_tb.tcl
run all
current_wave_config {MDV_LMS_Algorithm_tb_behav.wcfg}
add_wave {{/MDV_LMS_Algorithm_tb/clk_enable}} 
restart
run all
current_wave_config {MDV_LMS_Algorithm_tb_behav.wcfg}
add_wave {{/MDV_LMS_Algorithm_tb/u_MDV_LMS_Algorithm/u_Coefficient_Update/u_Filter_Error/clk}} 
restart
run all
save_wave_config {G:/EM_LAB/EM_Instrument/TomoTEMR/Num01_code/Filter/decimation_adaptive/decimation_adaptive_vivado/MDV_LMS_Algorithm_tb_behav.wcfg}
close_sim
launch_simulation
open_wave_config G:/EM_LAB/EM_Instrument/TomoTEMR/Num01_code/Filter/decimation_adaptive/decimation_adaptive_vivado/MDV_LMS_Algorithm_tb_behav.wcfg
source MDV_LMS_Algorithm_tb.tcl
run all
close_sim
