#-----------------------------------------------------------
# Vivado v2020.2 (64-bit)
# SW Build 3064766 on Wed Nov 18 09:12:45 MST 2020
# IP Build 3064653 on Wed Nov 18 14:17:31 MST 2020
# Start of session at: Wed Apr 30 20:16:13 2025
# Process ID: 48696
# Current directory: C:/Users/dell/Desktop/xilinx_DLP/decimation_adaptive_vivado
# Command line: vivado.exe -gui_launcher_event rodinguilauncherevent28832 C:\Users\dell\Desktop\xilinx_DLP\decimation_adaptive_vivado\decimation_adaptive_vivado.xpr
# Log file: C:/Users/dell/Desktop/xilinx_DLP/decimation_adaptive_vivado/vivado.log
# Journal file: C:/Users/dell/Desktop/xilinx_DLP/decimation_adaptive_vivado\vivado.jou
#-----------------------------------------------------------
start_gui
open_project C:/Users/dell/Desktop/xilinx_DLP/decimation_adaptive_vivado/decimation_adaptive_vivado.xpr
update_compile_order -fileset sources_1
launch_simulation
open_wave_config C:/Users/dell/Desktop/xilinx_DLP/decimation_adaptive_vivado/MDV_LMS_Algorithm_tb_behav.wcfg
source MDV_LMS_Algorithm_tb.tcl
run all
current_wave_config {MDV_LMS_Algorithm_tb_behav.wcfg}
add_wave {{/MDV_LMS_Algorithm_tb/reset_1_1}} 
current_wave_config {MDV_LMS_Algorithm_tb_behav.wcfg}
add_wave {{/MDV_LMS_Algorithm_tb/ready}} 
restart
run all
current_wave_config {MDV_LMS_Algorithm_tb_behav.wcfg}
add_wave {{/MDV_LMS_Algorithm_tb/reset}} 
current_wave_config {MDV_LMS_Algorithm_tb_behav.wcfg}
add_wave {{/MDV_LMS_Algorithm_tb/resetn}} 
restart
run all
close [ open C:/Users/dell/Desktop/xilinx_DLP/decimation_adaptive_vivado/decimation_adaptive_vivado.srcs/sources_1/new/Digital_To_Physical_Conversion.v w ]
add_files C:/Users/dell/Desktop/xilinx_DLP/decimation_adaptive_vivado/decimation_adaptive_vivado.srcs/sources_1/new/Digital_To_Physical_Conversion.v
update_compile_order -fileset sources_1
save_wave_config {C:/Users/dell/Desktop/xilinx_DLP/decimation_adaptive_vivado/MDV_LMS_Algorithm_tb_behav.wcfg}
close_sim
