Info: *******************************************************************
Info: Running Quartus Prime Timing Analyzer
    Info: Version 18.1.0 Build 625 09/12/2018 SJ Standard Edition
    Info: Copyright (C) 2018  Intel Corporation. All rights reserved.
    Info: Your use of Intel Corporation's design tools, logic functions 
    Info: and other software and tools, and its AMPP partner logic 
    Info: functions, and any output files from any of the foregoing 
    Info: (including device programming or simulation files), and any 
    Info: associated documentation or information are expressly subject 
    Info: to the terms and conditions of the Intel Program License 
    Info: Subscription Agreement, the Intel Quartus Prime License Agreement,
    Info: the Intel FPGA IP License Agreement, or other applicable license
    Info: agreement, including, without limitation, that your use is for
    Info: the sole purpose of programming logic devices manufactured by
    Info: Intel and sold by Intel or its authorized distributors.  Please
    Info: refer to the applicable agreement for further details.
    Info: Processing started: Thu Jan 23 17:48:50 2025
Info: Command: quartus_sta -t ./rtl/decimation_filter/decimation_filter_FilterSystem.tcl overwrite
Info: Quartus(args): overwrite
Creating decimation_filter_FilterSystem Quartus project...
Running Compile flow...
Info: *******************************************************************
Info: Running Quartus Prime Analysis & Synthesis
    Info: Version 18.1.0 Build 625 09/12/2018 SJ Standard Edition
    Info: Processing started: Thu Jan 23 17:48:51 2025
Info: Command: quartus_map --read_settings_files=on --write_settings_files=off decimation_filter_FilterSystem -c decimation_filter_FilterSystem
Warning (18236): Number of processors has not been specified which may cause overloading on shared machines.  Set the global assignment NUM_PARALLEL_PROCESSORS in your QSF to an appropriate value for best performance.
Info (20030): Parallel compilation is enabled and will use 14 of the 14 processors detected
Info (12021): Found 1 design units, including 1 entities, in source file rtl/decimation_filter/decimation_filter_filtersystem.sv
    Info (12023): Found entity 1: decimation_filter_FilterSystem File: G:/EM_LAB/EM_Instrument/TEMR-3S/Num01_code/Filter/altera_fir/rtl/decimation_filter/decimation_filter_FilterSystem.sv Line: 23
Info (12021): Found 1 design units, including 1 entities, in source file rtl/decimation_filter/decimation_filter_filtersystem_decimatingfir1.sv
    Info (12023): Found entity 1: decimation_filter_FilterSystem_DecimatingFIR1 File: G:/EM_LAB/EM_Instrument/TEMR-3S/Num01_code/Filter/altera_fir/rtl/decimation_filter/decimation_filter_FilterSystem_DecimatingFIR1.sv Line: 23
Info (12021): Found 1 design units, including 1 entities, in source file rtl/decimation_filter/decimation_filter_filtersystem_decimatingfir2.sv
    Info (12023): Found entity 1: decimation_filter_FilterSystem_DecimatingFIR2 File: G:/EM_LAB/EM_Instrument/TEMR-3S/Num01_code/Filter/altera_fir/rtl/decimation_filter/decimation_filter_FilterSystem_DecimatingFIR2.sv Line: 23
Info (12021): Found 1 design units, including 1 entities, in source file rtl/decimation_filter/decimation_filter_filtersystem_scale2.sv
    Info (12023): Found entity 1: decimation_filter_FilterSystem_Scale2 File: G:/EM_LAB/EM_Instrument/TEMR-3S/Num01_code/Filter/altera_fir/rtl/decimation_filter/decimation_filter_FilterSystem_Scale2.sv Line: 23
Info (12021): Found 1 design units, including 1 entities, in source file rtl/decimation_filter/decimation_filter_filtersystem_scale3.sv
    Info (12023): Found entity 1: decimation_filter_FilterSystem_Scale3 File: G:/EM_LAB/EM_Instrument/TEMR-3S/Num01_code/Filter/altera_fir/rtl/decimation_filter/decimation_filter_FilterSystem_Scale3.sv Line: 23
Info (12021): Found 3 design units, including 3 entities, in source file e:/software/intelfpga/18.1/quartus/dspba/backend/libraries/sv/base/dspba_library_ver.sv
    Info (12023): Found entity 1: dspba_delay_ver File: e:/software/intelfpga/18.1/quartus/dspba/backend/Libraries/sv/base/dspba_library_ver.sv Line: 14
    Info (12023): Found entity 2: dspba_sync_reg_ver File: e:/software/intelfpga/18.1/quartus/dspba/backend/Libraries/sv/base/dspba_library_ver.sv Line: 100
    Info (12023): Found entity 3: dspba_pipe File: e:/software/intelfpga/18.1/quartus/dspba/backend/Libraries/sv/base/dspba_library_ver.sv Line: 353
Info (12127): Elaborating entity "decimation_filter_FilterSystem" for the top level hierarchy
Warning (10036): Verilog HDL or VHDL warning at decimation_filter_FilterSystem.sv(43): object "VCC_q" assigned a value but never read File: G:/EM_LAB/EM_Instrument/TEMR-3S/Num01_code/Filter/altera_fir/rtl/decimation_filter/decimation_filter_FilterSystem.sv Line: 43
Info (12128): Elaborating entity "decimation_filter_FilterSystem_Scale2" for hierarchy "decimation_filter_FilterSystem_Scale2:theScale2" File: G:/EM_LAB/EM_Instrument/TEMR-3S/Num01_code/Filter/altera_fir/rtl/decimation_filter/decimation_filter_FilterSystem.sv Line: 81
Info (12128): Elaborating entity "dspba_delay_ver" for hierarchy "decimation_filter_FilterSystem_Scale2:theScale2|dspba_delay_ver:redist1_xIn_c_1" File: G:/EM_LAB/EM_Instrument/TEMR-3S/Num01_code/Filter/altera_fir/rtl/decimation_filter/decimation_filter_FilterSystem_Scale2.sv Line: 164
Info (12128): Elaborating entity "dspba_delay_ver" for hierarchy "decimation_filter_FilterSystem_Scale2:theScale2|dspba_delay_ver:redist0_xIn_v_1" File: G:/EM_LAB/EM_Instrument/TEMR-3S/Num01_code/Filter/altera_fir/rtl/decimation_filter/decimation_filter_FilterSystem_Scale2.sv Line: 168
Info (12128): Elaborating entity "decimation_filter_FilterSystem_DecimatingFIR2" for hierarchy "decimation_filter_FilterSystem_DecimatingFIR2:theDecimatingFIR2" File: G:/EM_LAB/EM_Instrument/TEMR-3S/Num01_code/Filter/altera_fir/rtl/decimation_filter/decimation_filter_FilterSystem.sv Line: 100
Info (12128): Elaborating entity "dspba_delay_ver" for hierarchy "decimation_filter_FilterSystem_DecimatingFIR2:theDecimatingFIR2|dspba_delay_ver:d_busIn_writedata_11" File: G:/EM_LAB/EM_Instrument/TEMR-3S/Num01_code/Filter/altera_fir/rtl/decimation_filter/decimation_filter_FilterSystem_DecimatingFIR2.sv Line: 204
Info (12128): Elaborating entity "altsyncram" for hierarchy "decimation_filter_FilterSystem_DecimatingFIR2:theDecimatingFIR2|altsyncram:rm_dmem" File: G:/EM_LAB/EM_Instrument/TEMR-3S/Num01_code/Filter/altera_fir/rtl/decimation_filter/decimation_filter_FilterSystem_DecimatingFIR2.sv Line: 339
Info (12130): Elaborated megafunction instantiation "decimation_filter_FilterSystem_DecimatingFIR2:theDecimatingFIR2|altsyncram:rm_dmem" File: G:/EM_LAB/EM_Instrument/TEMR-3S/Num01_code/Filter/altera_fir/rtl/decimation_filter/decimation_filter_FilterSystem_DecimatingFIR2.sv Line: 339
Info (12133): Instantiated megafunction "decimation_filter_FilterSystem_DecimatingFIR2:theDecimatingFIR2|altsyncram:rm_dmem" with the following parameter: File: G:/EM_LAB/EM_Instrument/TEMR-3S/Num01_code/Filter/altera_fir/rtl/decimation_filter/decimation_filter_FilterSystem_DecimatingFIR2.sv Line: 339
    Info (12134): Parameter "ram_block_type" = "M9K"
    Info (12134): Parameter "operation_mode" = "SINGLE_PORT"
    Info (12134): Parameter "width_a" = "16"
    Info (12134): Parameter "widthad_a" = "4"
    Info (12134): Parameter "numwords_a" = "14"
    Info (12134): Parameter "lpm_type" = "altsyncram"
    Info (12134): Parameter "width_byteena_a" = "1"
    Info (12134): Parameter "outdata_reg_a" = "CLOCK0"
    Info (12134): Parameter "outdata_aclr_a" = "NONE"
    Info (12134): Parameter "clock_enable_input_a" = "NORMAL"
    Info (12134): Parameter "read_during_write_mode_port_a" = "NEW_DATA_NO_NBE_READ"
    Info (12134): Parameter "power_up_uninitialized" = "TRUE"
    Info (12134): Parameter "intended_device_family" = "MAX 10"
Info (12021): Found 1 design units, including 1 entities, in source file db/altsyncram_8cb1.tdf
    Info (12023): Found entity 1: altsyncram_8cb1 File: G:/EM_LAB/EM_Instrument/TEMR-3S/Num01_code/Filter/altera_fir/db/altsyncram_8cb1.tdf Line: 27
Info (12128): Elaborating entity "altsyncram_8cb1" for hierarchy "decimation_filter_FilterSystem_DecimatingFIR2:theDecimatingFIR2|altsyncram:rm_dmem|altsyncram_8cb1:auto_generated" File: e:/software/intelfpga/18.1/quartus/libraries/megafunctions/altsyncram.tdf Line: 791
Info (12128): Elaborating entity "dspba_delay_ver" for hierarchy "decimation_filter_FilterSystem_DecimatingFIR2:theDecimatingFIR2|dspba_delay_ver:d_busIn_read_12" File: G:/EM_LAB/EM_Instrument/TEMR-3S/Num01_code/Filter/altera_fir/rtl/decimation_filter/decimation_filter_FilterSystem_DecimatingFIR2.sv Line: 347
Info (12128): Elaborating entity "dspba_delay_ver" for hierarchy "decimation_filter_FilterSystem_DecimatingFIR2:theDecimatingFIR2|dspba_delay_ver:d_u0_m0_wo0_compute_q_17" File: G:/EM_LAB/EM_Instrument/TEMR-3S/Num01_code/Filter/altera_fir/rtl/decimation_filter/decimation_filter_FilterSystem_DecimatingFIR2.sv Line: 435
Info (12128): Elaborating entity "dspba_delay_ver" for hierarchy "decimation_filter_FilterSystem_DecimatingFIR2:theDecimatingFIR2|dspba_delay_ver:u0_m0_wo0_wi0_r0_delayr1" File: G:/EM_LAB/EM_Instrument/TEMR-3S/Num01_code/Filter/altera_fir/rtl/decimation_filter/decimation_filter_FilterSystem_DecimatingFIR2.sv Line: 539
Info (12128): Elaborating entity "altsyncram" for hierarchy "decimation_filter_FilterSystem_DecimatingFIR2:theDecimatingFIR2|altsyncram:u0_m0_wo0_wi0_r0_memr4_dmem" File: G:/EM_LAB/EM_Instrument/TEMR-3S/Num01_code/Filter/altera_fir/rtl/decimation_filter/decimation_filter_FilterSystem_DecimatingFIR2.sv Line: 609
Info (12130): Elaborated megafunction instantiation "decimation_filter_FilterSystem_DecimatingFIR2:theDecimatingFIR2|altsyncram:u0_m0_wo0_wi0_r0_memr4_dmem" File: G:/EM_LAB/EM_Instrument/TEMR-3S/Num01_code/Filter/altera_fir/rtl/decimation_filter/decimation_filter_FilterSystem_DecimatingFIR2.sv Line: 609
Info (12133): Instantiated megafunction "decimation_filter_FilterSystem_DecimatingFIR2:theDecimatingFIR2|altsyncram:u0_m0_wo0_wi0_r0_memr4_dmem" with the following parameter: File: G:/EM_LAB/EM_Instrument/TEMR-3S/Num01_code/Filter/altera_fir/rtl/decimation_filter/decimation_filter_FilterSystem_DecimatingFIR2.sv Line: 609
    Info (12134): Parameter "ram_block_type" = "M9K"
    Info (12134): Parameter "operation_mode" = "DUAL_PORT"
    Info (12134): Parameter "width_a" = "17"
    Info (12134): Parameter "widthad_a" = "4"
    Info (12134): Parameter "numwords_a" = "16"
    Info (12134): Parameter "width_b" = "17"
    Info (12134): Parameter "widthad_b" = "4"
    Info (12134): Parameter "numwords_b" = "16"
    Info (12134): Parameter "lpm_type" = "altsyncram"
    Info (12134): Parameter "width_byteena_a" = "1"
    Info (12134): Parameter "address_reg_b" = "CLOCK0"
    Info (12134): Parameter "indata_reg_b" = "CLOCK0"
    Info (12134): Parameter "wrcontrol_wraddress_reg_b" = "CLOCK0"
    Info (12134): Parameter "rdcontrol_reg_b" = "CLOCK0"
    Info (12134): Parameter "byteena_reg_b" = "CLOCK0"
    Info (12134): Parameter "outdata_reg_b" = "CLOCK0"
    Info (12134): Parameter "outdata_aclr_b" = "NONE"
    Info (12134): Parameter "clock_enable_input_a" = "NORMAL"
    Info (12134): Parameter "clock_enable_input_b" = "NORMAL"
    Info (12134): Parameter "clock_enable_output_b" = "NORMAL"
    Info (12134): Parameter "read_during_write_mode_mixed_ports" = "DONT_CARE"
    Info (12134): Parameter "power_up_uninitialized" = "FALSE"
    Info (12134): Parameter "init_file" = "UNUSED"
    Info (12134): Parameter "intended_device_family" = "MAX 10"
Info (12021): Found 1 design units, including 1 entities, in source file db/altsyncram_t602.tdf
    Info (12023): Found entity 1: altsyncram_t602 File: G:/EM_LAB/EM_Instrument/TEMR-3S/Num01_code/Filter/altera_fir/db/altsyncram_t602.tdf Line: 27
Info (12128): Elaborating entity "altsyncram_t602" for hierarchy "decimation_filter_FilterSystem_DecimatingFIR2:theDecimatingFIR2|altsyncram:u0_m0_wo0_wi0_r0_memr4_dmem|altsyncram_t602:auto_generated" File: e:/software/intelfpga/18.1/quartus/libraries/megafunctions/altsyncram.tdf Line: 791
Info (12128): Elaborating entity "dspba_delay_ver" for hierarchy "decimation_filter_FilterSystem_DecimatingFIR2:theDecimatingFIR2|dspba_delay_ver:d_xIn_0_13" File: G:/EM_LAB/EM_Instrument/TEMR-3S/Num01_code/Filter/altera_fir/rtl/decimation_filter/decimation_filter_FilterSystem_DecimatingFIR2.sv Line: 641
Info (12128): Elaborating entity "dspba_delay_ver" for hierarchy "decimation_filter_FilterSystem_DecimatingFIR2:theDecimatingFIR2|dspba_delay_ver:d_in0_m0_wi0_wo0_assign_id1_q_13" File: G:/EM_LAB/EM_Instrument/TEMR-3S/Num01_code/Filter/altera_fir/rtl/decimation_filter/decimation_filter_FilterSystem_DecimatingFIR2.sv Line: 645
Info (12128): Elaborating entity "altsyncram" for hierarchy "decimation_filter_FilterSystem_DecimatingFIR2:theDecimatingFIR2|altsyncram:u0_m0_wo0_wi0_r0_memr0_dmem" File: G:/EM_LAB/EM_Instrument/TEMR-3S/Num01_code/Filter/altera_fir/rtl/decimation_filter/decimation_filter_FilterSystem_DecimatingFIR2.sv Line: 715
Info (12130): Elaborated megafunction instantiation "decimation_filter_FilterSystem_DecimatingFIR2:theDecimatingFIR2|altsyncram:u0_m0_wo0_wi0_r0_memr0_dmem" File: G:/EM_LAB/EM_Instrument/TEMR-3S/Num01_code/Filter/altera_fir/rtl/decimation_filter/decimation_filter_FilterSystem_DecimatingFIR2.sv Line: 715
Info (12133): Instantiated megafunction "decimation_filter_FilterSystem_DecimatingFIR2:theDecimatingFIR2|altsyncram:u0_m0_wo0_wi0_r0_memr0_dmem" with the following parameter: File: G:/EM_LAB/EM_Instrument/TEMR-3S/Num01_code/Filter/altera_fir/rtl/decimation_filter/decimation_filter_FilterSystem_DecimatingFIR2.sv Line: 715
    Info (12134): Parameter "ram_block_type" = "M9K"
    Info (12134): Parameter "operation_mode" = "DUAL_PORT"
    Info (12134): Parameter "width_a" = "17"
    Info (12134): Parameter "widthad_a" = "3"
    Info (12134): Parameter "numwords_a" = "8"
    Info (12134): Parameter "width_b" = "17"
    Info (12134): Parameter "widthad_b" = "3"
    Info (12134): Parameter "numwords_b" = "8"
    Info (12134): Parameter "lpm_type" = "altsyncram"
    Info (12134): Parameter "width_byteena_a" = "1"
    Info (12134): Parameter "address_reg_b" = "CLOCK0"
    Info (12134): Parameter "indata_reg_b" = "CLOCK0"
    Info (12134): Parameter "wrcontrol_wraddress_reg_b" = "CLOCK0"
    Info (12134): Parameter "rdcontrol_reg_b" = "CLOCK0"
    Info (12134): Parameter "byteena_reg_b" = "CLOCK0"
    Info (12134): Parameter "outdata_reg_b" = "CLOCK0"
    Info (12134): Parameter "outdata_aclr_b" = "NONE"
    Info (12134): Parameter "clock_enable_input_a" = "NORMAL"
    Info (12134): Parameter "clock_enable_input_b" = "NORMAL"
    Info (12134): Parameter "clock_enable_output_b" = "NORMAL"
    Info (12134): Parameter "read_during_write_mode_mixed_ports" = "DONT_CARE"
    Info (12134): Parameter "power_up_uninitialized" = "FALSE"
    Info (12134): Parameter "init_file" = "UNUSED"
    Info (12134): Parameter "intended_device_family" = "MAX 10"
Info (12021): Found 1 design units, including 1 entities, in source file db/altsyncram_t302.tdf
    Info (12023): Found entity 1: altsyncram_t302 File: G:/EM_LAB/EM_Instrument/TEMR-3S/Num01_code/Filter/altera_fir/db/altsyncram_t302.tdf Line: 27
Info (12128): Elaborating entity "altsyncram_t302" for hierarchy "decimation_filter_FilterSystem_DecimatingFIR2:theDecimatingFIR2|altsyncram:u0_m0_wo0_wi0_r0_memr0_dmem|altsyncram_t302:auto_generated" File: e:/software/intelfpga/18.1/quartus/libraries/megafunctions/altsyncram.tdf Line: 791
Info (12128): Elaborating entity "altsyncram" for hierarchy "decimation_filter_FilterSystem_DecimatingFIR2:theDecimatingFIR2|altsyncram:u0_m0_wo0_cm0_dmem" File: G:/EM_LAB/EM_Instrument/TEMR-3S/Num01_code/Filter/altera_fir/rtl/decimation_filter/decimation_filter_FilterSystem_DecimatingFIR2.sv Line: 837
Info (12130): Elaborated megafunction instantiation "decimation_filter_FilterSystem_DecimatingFIR2:theDecimatingFIR2|altsyncram:u0_m0_wo0_cm0_dmem" File: G:/EM_LAB/EM_Instrument/TEMR-3S/Num01_code/Filter/altera_fir/rtl/decimation_filter/decimation_filter_FilterSystem_DecimatingFIR2.sv Line: 837
Info (12133): Instantiated megafunction "decimation_filter_FilterSystem_DecimatingFIR2:theDecimatingFIR2|altsyncram:u0_m0_wo0_cm0_dmem" with the following parameter: File: G:/EM_LAB/EM_Instrument/TEMR-3S/Num01_code/Filter/altera_fir/rtl/decimation_filter/decimation_filter_FilterSystem_DecimatingFIR2.sv Line: 837
    Info (12134): Parameter "ram_block_type" = "M9K"
    Info (12134): Parameter "operation_mode" = "DUAL_PORT"
    Info (12134): Parameter "width_a" = "16"
    Info (12134): Parameter "widthad_a" = "2"
    Info (12134): Parameter "numwords_a" = "4"
    Info (12134): Parameter "width_b" = "16"
    Info (12134): Parameter "widthad_b" = "2"
    Info (12134): Parameter "numwords_b" = "4"
    Info (12134): Parameter "lpm_type" = "altsyncram"
    Info (12134): Parameter "width_byteena_a" = "1"
    Info (12134): Parameter "address_reg_b" = "CLOCK0"
    Info (12134): Parameter "indata_reg_b" = "CLOCK0"
    Info (12134): Parameter "wrcontrol_wraddress_reg_b" = "CLOCK0"
    Info (12134): Parameter "rdcontrol_reg_b" = "CLOCK0"
    Info (12134): Parameter "byteena_reg_b" = "CLOCK0"
    Info (12134): Parameter "outdata_reg_b" = "CLOCK0"
    Info (12134): Parameter "outdata_aclr_b" = "NONE"
    Info (12134): Parameter "clock_enable_input_a" = "NORMAL"
    Info (12134): Parameter "clock_enable_input_b" = "NORMAL"
    Info (12134): Parameter "clock_enable_output_b" = "NORMAL"
    Info (12134): Parameter "read_during_write_mode_mixed_ports" = "DONT_CARE"
    Info (12134): Parameter "power_up_uninitialized" = "TRUE"
    Info (12134): Parameter "intended_device_family" = "MAX 10"
Info (12021): Found 1 design units, including 1 entities, in source file db/altsyncram_6102.tdf
    Info (12023): Found entity 1: altsyncram_6102 File: G:/EM_LAB/EM_Instrument/TEMR-3S/Num01_code/Filter/altera_fir/db/altsyncram_6102.tdf Line: 27
Info (12128): Elaborating entity "altsyncram_6102" for hierarchy "decimation_filter_FilterSystem_DecimatingFIR2:theDecimatingFIR2|altsyncram:u0_m0_wo0_cm0_dmem|altsyncram_6102:auto_generated" File: e:/software/intelfpga/18.1/quartus/libraries/megafunctions/altsyncram.tdf Line: 791
Info (12128): Elaborating entity "lpm_mult" for hierarchy "decimation_filter_FilterSystem_DecimatingFIR2:theDecimatingFIR2|lpm_mult:u0_m0_wo0_mtree_mult1_3_component" File: G:/EM_LAB/EM_Instrument/TEMR-3S/Num01_code/Filter/altera_fir/rtl/decimation_filter/decimation_filter_FilterSystem_DecimatingFIR2.sv Line: 861
Info (12130): Elaborated megafunction instantiation "decimation_filter_FilterSystem_DecimatingFIR2:theDecimatingFIR2|lpm_mult:u0_m0_wo0_mtree_mult1_3_component" File: G:/EM_LAB/EM_Instrument/TEMR-3S/Num01_code/Filter/altera_fir/rtl/decimation_filter/decimation_filter_FilterSystem_DecimatingFIR2.sv Line: 861
Info (12133): Instantiated megafunction "decimation_filter_FilterSystem_DecimatingFIR2:theDecimatingFIR2|lpm_mult:u0_m0_wo0_mtree_mult1_3_component" with the following parameter: File: G:/EM_LAB/EM_Instrument/TEMR-3S/Num01_code/Filter/altera_fir/rtl/decimation_filter/decimation_filter_FilterSystem_DecimatingFIR2.sv Line: 861
    Info (12134): Parameter "lpm_widtha" = "16"
    Info (12134): Parameter "lpm_widthb" = "18"
    Info (12134): Parameter "lpm_widthp" = "34"
    Info (12134): Parameter "lpm_widths" = "1"
    Info (12134): Parameter "lpm_type" = "LPM_MULT"
    Info (12134): Parameter "lpm_representation" = "SIGNED"
    Info (12134): Parameter "lpm_hint" = "DEDICATED_MULTIPLIER_CIRCUITRY=YES, MAXIMIZE_SPEED=5"
    Info (12134): Parameter "lpm_pipeline" = "2"
Info (12021): Found 1 design units, including 1 entities, in source file db/mult_vot.tdf
    Info (12023): Found entity 1: mult_vot File: G:/EM_LAB/EM_Instrument/TEMR-3S/Num01_code/Filter/altera_fir/db/mult_vot.tdf Line: 28
Info (12128): Elaborating entity "mult_vot" for hierarchy "decimation_filter_FilterSystem_DecimatingFIR2:theDecimatingFIR2|lpm_mult:u0_m0_wo0_mtree_mult1_3_component|mult_vot:auto_generated" File: e:/software/intelfpga/18.1/quartus/libraries/megafunctions/lpm_mult.tdf Line: 376
Info (12128): Elaborating entity "decimation_filter_FilterSystem_DecimatingFIR1" for hierarchy "decimation_filter_FilterSystem_DecimatingFIR1:theDecimatingFIR1" File: G:/EM_LAB/EM_Instrument/TEMR-3S/Num01_code/Filter/altera_fir/rtl/decimation_filter/decimation_filter_FilterSystem.sv Line: 119
Info (12128): Elaborating entity "altsyncram" for hierarchy "decimation_filter_FilterSystem_DecimatingFIR1:theDecimatingFIR1|altsyncram:rm_dmem" File: G:/EM_LAB/EM_Instrument/TEMR-3S/Num01_code/Filter/altera_fir/rtl/decimation_filter/decimation_filter_FilterSystem_DecimatingFIR1.sv Line: 276
Info (12130): Elaborated megafunction instantiation "decimation_filter_FilterSystem_DecimatingFIR1:theDecimatingFIR1|altsyncram:rm_dmem" File: G:/EM_LAB/EM_Instrument/TEMR-3S/Num01_code/Filter/altera_fir/rtl/decimation_filter/decimation_filter_FilterSystem_DecimatingFIR1.sv Line: 276
Info (12133): Instantiated megafunction "decimation_filter_FilterSystem_DecimatingFIR1:theDecimatingFIR1|altsyncram:rm_dmem" with the following parameter: File: G:/EM_LAB/EM_Instrument/TEMR-3S/Num01_code/Filter/altera_fir/rtl/decimation_filter/decimation_filter_FilterSystem_DecimatingFIR1.sv Line: 276
    Info (12134): Parameter "ram_block_type" = "M9K"
    Info (12134): Parameter "operation_mode" = "SINGLE_PORT"
    Info (12134): Parameter "width_a" = "16"
    Info (12134): Parameter "widthad_a" = "3"
    Info (12134): Parameter "numwords_a" = "6"
    Info (12134): Parameter "lpm_type" = "altsyncram"
    Info (12134): Parameter "width_byteena_a" = "1"
    Info (12134): Parameter "outdata_reg_a" = "CLOCK0"
    Info (12134): Parameter "outdata_aclr_a" = "NONE"
    Info (12134): Parameter "clock_enable_input_a" = "NORMAL"
    Info (12134): Parameter "read_during_write_mode_port_a" = "NEW_DATA_NO_NBE_READ"
    Info (12134): Parameter "power_up_uninitialized" = "TRUE"
    Info (12134): Parameter "intended_device_family" = "MAX 10"
Info (12021): Found 1 design units, including 1 entities, in source file db/altsyncram_oab1.tdf
    Info (12023): Found entity 1: altsyncram_oab1 File: G:/EM_LAB/EM_Instrument/TEMR-3S/Num01_code/Filter/altera_fir/db/altsyncram_oab1.tdf Line: 27
Info (12128): Elaborating entity "altsyncram_oab1" for hierarchy "decimation_filter_FilterSystem_DecimatingFIR1:theDecimatingFIR1|altsyncram:rm_dmem|altsyncram_oab1:auto_generated" File: e:/software/intelfpga/18.1/quartus/libraries/megafunctions/altsyncram.tdf Line: 791
Info (12128): Elaborating entity "altsyncram" for hierarchy "decimation_filter_FilterSystem_DecimatingFIR1:theDecimatingFIR1|altsyncram:u0_m0_wo0_wi0_r0_memr3_dmem" File: G:/EM_LAB/EM_Instrument/TEMR-3S/Num01_code/Filter/altera_fir/rtl/decimation_filter/decimation_filter_FilterSystem_DecimatingFIR1.sv Line: 574
Info (12130): Elaborated megafunction instantiation "decimation_filter_FilterSystem_DecimatingFIR1:theDecimatingFIR1|altsyncram:u0_m0_wo0_wi0_r0_memr3_dmem" File: G:/EM_LAB/EM_Instrument/TEMR-3S/Num01_code/Filter/altera_fir/rtl/decimation_filter/decimation_filter_FilterSystem_DecimatingFIR1.sv Line: 574
Info (12133): Instantiated megafunction "decimation_filter_FilterSystem_DecimatingFIR1:theDecimatingFIR1|altsyncram:u0_m0_wo0_wi0_r0_memr3_dmem" with the following parameter: File: G:/EM_LAB/EM_Instrument/TEMR-3S/Num01_code/Filter/altera_fir/rtl/decimation_filter/decimation_filter_FilterSystem_DecimatingFIR1.sv Line: 574
    Info (12134): Parameter "ram_block_type" = "M9K"
    Info (12134): Parameter "operation_mode" = "DUAL_PORT"
    Info (12134): Parameter "width_a" = "17"
    Info (12134): Parameter "widthad_a" = "4"
    Info (12134): Parameter "numwords_a" = "12"
    Info (12134): Parameter "width_b" = "17"
    Info (12134): Parameter "widthad_b" = "4"
    Info (12134): Parameter "numwords_b" = "12"
    Info (12134): Parameter "lpm_type" = "altsyncram"
    Info (12134): Parameter "width_byteena_a" = "1"
    Info (12134): Parameter "address_reg_b" = "CLOCK0"
    Info (12134): Parameter "indata_reg_b" = "CLOCK0"
    Info (12134): Parameter "wrcontrol_wraddress_reg_b" = "CLOCK0"
    Info (12134): Parameter "rdcontrol_reg_b" = "CLOCK0"
    Info (12134): Parameter "byteena_reg_b" = "CLOCK0"
    Info (12134): Parameter "outdata_reg_b" = "CLOCK0"
    Info (12134): Parameter "outdata_aclr_b" = "NONE"
    Info (12134): Parameter "clock_enable_input_a" = "NORMAL"
    Info (12134): Parameter "clock_enable_input_b" = "NORMAL"
    Info (12134): Parameter "clock_enable_output_b" = "NORMAL"
    Info (12134): Parameter "read_during_write_mode_mixed_ports" = "DONT_CARE"
    Info (12134): Parameter "power_up_uninitialized" = "FALSE"
    Info (12134): Parameter "init_file" = "UNUSED"
    Info (12134): Parameter "intended_device_family" = "MAX 10"
Info (12021): Found 1 design units, including 1 entities, in source file db/altsyncram_l602.tdf
    Info (12023): Found entity 1: altsyncram_l602 File: G:/EM_LAB/EM_Instrument/TEMR-3S/Num01_code/Filter/altera_fir/db/altsyncram_l602.tdf Line: 27
Info (12128): Elaborating entity "altsyncram_l602" for hierarchy "decimation_filter_FilterSystem_DecimatingFIR1:theDecimatingFIR1|altsyncram:u0_m0_wo0_wi0_r0_memr3_dmem|altsyncram_l602:auto_generated" File: e:/software/intelfpga/18.1/quartus/libraries/megafunctions/altsyncram.tdf Line: 791
Info (12128): Elaborating entity "decimation_filter_FilterSystem_Scale3" for hierarchy "decimation_filter_FilterSystem_Scale3:theScale3" File: G:/EM_LAB/EM_Instrument/TEMR-3S/Num01_code/Filter/altera_fir/rtl/decimation_filter/decimation_filter_FilterSystem.sv Line: 173
Info (13000): Registers with preset signals will power-up high File: G:/EM_LAB/EM_Instrument/TEMR-3S/Num01_code/Filter/altera_fir/rtl/decimation_filter/decimation_filter_FilterSystem_DecimatingFIR2.sv Line: 1220
Info (13003): DEV_CLRn pin will set, and not reset, register with preset signal due to NOT Gate Push-Back
Info (286030): Timing-Driven Synthesis is running
Info (17049): 5 registers lost all their fanouts during netlist optimizations.
Info (144001): Generated suppressed messages file G:/EM_LAB/EM_Instrument/TEMR-3S/Num01_code/Filter/altera_fir/decimation_filter_FilterSystem.map.smsg
Info (16010): Generating hard_block partition "hard_block:auto_generated_inst"
    Info (16011): Adding 0 node(s), including 0 DDIO, 0 PLL, 0 transceiver and 0 LCELL
Info (15717): Design contains 99 virtual pins; timing numbers associated with paths containing virtual pins are estimates
    Info (15719): Pin "busOut_readdatavalid[0]" is virtual output pin File: G:/EM_LAB/EM_Instrument/TEMR-3S/Num01_code/Filter/altera_fir/rtl/decimation_filter/decimation_filter_FilterSystem.sv Line: 28
    Info (15719): Pin "busOut_readdata[0]" is virtual output pin File: G:/EM_LAB/EM_Instrument/TEMR-3S/Num01_code/Filter/altera_fir/rtl/decimation_filter/decimation_filter_FilterSystem.sv Line: 29
    Info (15719): Pin "busOut_readdata[1]" is virtual output pin File: G:/EM_LAB/EM_Instrument/TEMR-3S/Num01_code/Filter/altera_fir/rtl/decimation_filter/decimation_filter_FilterSystem.sv Line: 29
    Info (15719): Pin "busOut_readdata[2]" is virtual output pin File: G:/EM_LAB/EM_Instrument/TEMR-3S/Num01_code/Filter/altera_fir/rtl/decimation_filter/decimation_filter_FilterSystem.sv Line: 29
    Info (15719): Pin "busOut_readdata[3]" is virtual output pin File: G:/EM_LAB/EM_Instrument/TEMR-3S/Num01_code/Filter/altera_fir/rtl/decimation_filter/decimation_filter_FilterSystem.sv Line: 29
    Info (15719): Pin "busOut_readdata[4]" is virtual output pin File: G:/EM_LAB/EM_Instrument/TEMR-3S/Num01_code/Filter/altera_fir/rtl/decimation_filter/decimation_filter_FilterSystem.sv Line: 29
    Info (15719): Pin "busOut_readdata[5]" is virtual output pin File: G:/EM_LAB/EM_Instrument/TEMR-3S/Num01_code/Filter/altera_fir/rtl/decimation_filter/decimation_filter_FilterSystem.sv Line: 29
    Info (15719): Pin "busOut_readdata[6]" is virtual output pin File: G:/EM_LAB/EM_Instrument/TEMR-3S/Num01_code/Filter/altera_fir/rtl/decimation_filter/decimation_filter_FilterSystem.sv Line: 29
    Info (15719): Pin "busOut_readdata[7]" is virtual output pin File: G:/EM_LAB/EM_Instrument/TEMR-3S/Num01_code/Filter/altera_fir/rtl/decimation_filter/decimation_filter_FilterSystem.sv Line: 29
    Info (15719): Pin "busOut_readdata[8]" is virtual output pin File: G:/EM_LAB/EM_Instrument/TEMR-3S/Num01_code/Filter/altera_fir/rtl/decimation_filter/decimation_filter_FilterSystem.sv Line: 29
    Info (15719): Pin "busOut_readdata[9]" is virtual output pin File: G:/EM_LAB/EM_Instrument/TEMR-3S/Num01_code/Filter/altera_fir/rtl/decimation_filter/decimation_filter_FilterSystem.sv Line: 29
    Info (15719): Pin "busOut_readdata[10]" is virtual output pin File: G:/EM_LAB/EM_Instrument/TEMR-3S/Num01_code/Filter/altera_fir/rtl/decimation_filter/decimation_filter_FilterSystem.sv Line: 29
    Info (15719): Pin "busOut_readdata[11]" is virtual output pin File: G:/EM_LAB/EM_Instrument/TEMR-3S/Num01_code/Filter/altera_fir/rtl/decimation_filter/decimation_filter_FilterSystem.sv Line: 29
    Info (15719): Pin "busOut_readdata[12]" is virtual output pin File: G:/EM_LAB/EM_Instrument/TEMR-3S/Num01_code/Filter/altera_fir/rtl/decimation_filter/decimation_filter_FilterSystem.sv Line: 29
    Info (15719): Pin "busOut_readdata[13]" is virtual output pin File: G:/EM_LAB/EM_Instrument/TEMR-3S/Num01_code/Filter/altera_fir/rtl/decimation_filter/decimation_filter_FilterSystem.sv Line: 29
    Info (15719): Pin "busOut_readdata[14]" is virtual output pin File: G:/EM_LAB/EM_Instrument/TEMR-3S/Num01_code/Filter/altera_fir/rtl/decimation_filter/decimation_filter_FilterSystem.sv Line: 29
    Info (15719): Pin "busOut_readdata[15]" is virtual output pin File: G:/EM_LAB/EM_Instrument/TEMR-3S/Num01_code/Filter/altera_fir/rtl/decimation_filter/decimation_filter_FilterSystem.sv Line: 29
    Info (15719): Pin "busOut_waitrequest[0]" is virtual output pin File: G:/EM_LAB/EM_Instrument/TEMR-3S/Num01_code/Filter/altera_fir/rtl/decimation_filter/decimation_filter_FilterSystem.sv Line: 30
    Info (15718): Pin "ac[0]" is virtual input pin File: G:/EM_LAB/EM_Instrument/TEMR-3S/Num01_code/Filter/altera_fir/rtl/decimation_filter/decimation_filter_FilterSystem.sv Line: 33
    Info (15718): Pin "ac[1]" is virtual input pin File: G:/EM_LAB/EM_Instrument/TEMR-3S/Num01_code/Filter/altera_fir/rtl/decimation_filter/decimation_filter_FilterSystem.sv Line: 33
    Info (15718): Pin "ac[2]" is virtual input pin File: G:/EM_LAB/EM_Instrument/TEMR-3S/Num01_code/Filter/altera_fir/rtl/decimation_filter/decimation_filter_FilterSystem.sv Line: 33
    Info (15718): Pin "ac[3]" is virtual input pin File: G:/EM_LAB/EM_Instrument/TEMR-3S/Num01_code/Filter/altera_fir/rtl/decimation_filter/decimation_filter_FilterSystem.sv Line: 33
    Info (15718): Pin "ac[4]" is virtual input pin File: G:/EM_LAB/EM_Instrument/TEMR-3S/Num01_code/Filter/altera_fir/rtl/decimation_filter/decimation_filter_FilterSystem.sv Line: 33
    Info (15718): Pin "ac[5]" is virtual input pin File: G:/EM_LAB/EM_Instrument/TEMR-3S/Num01_code/Filter/altera_fir/rtl/decimation_filter/decimation_filter_FilterSystem.sv Line: 33
    Info (15718): Pin "ac[6]" is virtual input pin File: G:/EM_LAB/EM_Instrument/TEMR-3S/Num01_code/Filter/altera_fir/rtl/decimation_filter/decimation_filter_FilterSystem.sv Line: 33
    Info (15718): Pin "ac[7]" is virtual input pin File: G:/EM_LAB/EM_Instrument/TEMR-3S/Num01_code/Filter/altera_fir/rtl/decimation_filter/decimation_filter_FilterSystem.sv Line: 33
    Info (15719): Pin "q[0]" is virtual output pin File: G:/EM_LAB/EM_Instrument/TEMR-3S/Num01_code/Filter/altera_fir/rtl/decimation_filter/decimation_filter_FilterSystem.sv Line: 34
    Info (15719): Pin "q[1]" is virtual output pin File: G:/EM_LAB/EM_Instrument/TEMR-3S/Num01_code/Filter/altera_fir/rtl/decimation_filter/decimation_filter_FilterSystem.sv Line: 34
    Info (15719): Pin "q[2]" is virtual output pin File: G:/EM_LAB/EM_Instrument/TEMR-3S/Num01_code/Filter/altera_fir/rtl/decimation_filter/decimation_filter_FilterSystem.sv Line: 34
    Info (15719): Pin "q[3]" is virtual output pin File: G:/EM_LAB/EM_Instrument/TEMR-3S/Num01_code/Filter/altera_fir/rtl/decimation_filter/decimation_filter_FilterSystem.sv Line: 34
    Info (15719): Pin "q[4]" is virtual output pin File: G:/EM_LAB/EM_Instrument/TEMR-3S/Num01_code/Filter/altera_fir/rtl/decimation_filter/decimation_filter_FilterSystem.sv Line: 34
    Info (15719): Pin "q[5]" is virtual output pin File: G:/EM_LAB/EM_Instrument/TEMR-3S/Num01_code/Filter/altera_fir/rtl/decimation_filter/decimation_filter_FilterSystem.sv Line: 34
    Info (15719): Pin "q[6]" is virtual output pin File: G:/EM_LAB/EM_Instrument/TEMR-3S/Num01_code/Filter/altera_fir/rtl/decimation_filter/decimation_filter_FilterSystem.sv Line: 34
    Info (15719): Pin "q[7]" is virtual output pin File: G:/EM_LAB/EM_Instrument/TEMR-3S/Num01_code/Filter/altera_fir/rtl/decimation_filter/decimation_filter_FilterSystem.sv Line: 34
    Info (15719): Pin "q[8]" is virtual output pin File: G:/EM_LAB/EM_Instrument/TEMR-3S/Num01_code/Filter/altera_fir/rtl/decimation_filter/decimation_filter_FilterSystem.sv Line: 34
    Info (15719): Pin "q[9]" is virtual output pin File: G:/EM_LAB/EM_Instrument/TEMR-3S/Num01_code/Filter/altera_fir/rtl/decimation_filter/decimation_filter_FilterSystem.sv Line: 34
    Info (15719): Pin "q[10]" is virtual output pin File: G:/EM_LAB/EM_Instrument/TEMR-3S/Num01_code/Filter/altera_fir/rtl/decimation_filter/decimation_filter_FilterSystem.sv Line: 34
    Info (15719): Pin "q[11]" is virtual output pin File: G:/EM_LAB/EM_Instrument/TEMR-3S/Num01_code/Filter/altera_fir/rtl/decimation_filter/decimation_filter_FilterSystem.sv Line: 34
    Info (15719): Pin "q[12]" is virtual output pin File: G:/EM_LAB/EM_Instrument/TEMR-3S/Num01_code/Filter/altera_fir/rtl/decimation_filter/decimation_filter_FilterSystem.sv Line: 34
    Info (15719): Pin "q[13]" is virtual output pin File: G:/EM_LAB/EM_Instrument/TEMR-3S/Num01_code/Filter/altera_fir/rtl/decimation_filter/decimation_filter_FilterSystem.sv Line: 34
    Info (15719): Pin "q[14]" is virtual output pin File: G:/EM_LAB/EM_Instrument/TEMR-3S/Num01_code/Filter/altera_fir/rtl/decimation_filter/decimation_filter_FilterSystem.sv Line: 34
    Info (15719): Pin "q[15]" is virtual output pin File: G:/EM_LAB/EM_Instrument/TEMR-3S/Num01_code/Filter/altera_fir/rtl/decimation_filter/decimation_filter_FilterSystem.sv Line: 34
    Info (15719): Pin "q[16]" is virtual output pin File: G:/EM_LAB/EM_Instrument/TEMR-3S/Num01_code/Filter/altera_fir/rtl/decimation_filter/decimation_filter_FilterSystem.sv Line: 34
    Info (15719): Pin "qv[0]" is virtual output pin File: G:/EM_LAB/EM_Instrument/TEMR-3S/Num01_code/Filter/altera_fir/rtl/decimation_filter/decimation_filter_FilterSystem.sv Line: 35
    Info (15719): Pin "qc[0]" is virtual output pin File: G:/EM_LAB/EM_Instrument/TEMR-3S/Num01_code/Filter/altera_fir/rtl/decimation_filter/decimation_filter_FilterSystem.sv Line: 36
    Info (15719): Pin "qc[1]" is virtual output pin File: G:/EM_LAB/EM_Instrument/TEMR-3S/Num01_code/Filter/altera_fir/rtl/decimation_filter/decimation_filter_FilterSystem.sv Line: 36
    Info (15719): Pin "qc[2]" is virtual output pin File: G:/EM_LAB/EM_Instrument/TEMR-3S/Num01_code/Filter/altera_fir/rtl/decimation_filter/decimation_filter_FilterSystem.sv Line: 36
    Info (15719): Pin "qc[3]" is virtual output pin File: G:/EM_LAB/EM_Instrument/TEMR-3S/Num01_code/Filter/altera_fir/rtl/decimation_filter/decimation_filter_FilterSystem.sv Line: 36
    Info (15719): Pin "qc[4]" is virtual output pin File: G:/EM_LAB/EM_Instrument/TEMR-3S/Num01_code/Filter/altera_fir/rtl/decimation_filter/decimation_filter_FilterSystem.sv Line: 36
    Info (15719): Pin "qc[5]" is virtual output pin File: G:/EM_LAB/EM_Instrument/TEMR-3S/Num01_code/Filter/altera_fir/rtl/decimation_filter/decimation_filter_FilterSystem.sv Line: 36
    Info (15719): Pin "qc[6]" is virtual output pin File: G:/EM_LAB/EM_Instrument/TEMR-3S/Num01_code/Filter/altera_fir/rtl/decimation_filter/decimation_filter_FilterSystem.sv Line: 36
    Info (15719): Pin "qc[7]" is virtual output pin File: G:/EM_LAB/EM_Instrument/TEMR-3S/Num01_code/Filter/altera_fir/rtl/decimation_filter/decimation_filter_FilterSystem.sv Line: 36
    Info (15718): Pin "busIn_write[0]" is virtual input pin File: G:/EM_LAB/EM_Instrument/TEMR-3S/Num01_code/Filter/altera_fir/rtl/decimation_filter/decimation_filter_FilterSystem.sv Line: 26
    Info (15718): Pin "busIn_address[2]" is virtual input pin File: G:/EM_LAB/EM_Instrument/TEMR-3S/Num01_code/Filter/altera_fir/rtl/decimation_filter/decimation_filter_FilterSystem.sv Line: 25
    Info (15718): Pin "busIn_address[5]" is virtual input pin File: G:/EM_LAB/EM_Instrument/TEMR-3S/Num01_code/Filter/altera_fir/rtl/decimation_filter/decimation_filter_FilterSystem.sv Line: 25
    Info (15718): Pin "busIn_address[6]" is virtual input pin File: G:/EM_LAB/EM_Instrument/TEMR-3S/Num01_code/Filter/altera_fir/rtl/decimation_filter/decimation_filter_FilterSystem.sv Line: 25
    Info (15718): Pin "busIn_address[7]" is virtual input pin File: G:/EM_LAB/EM_Instrument/TEMR-3S/Num01_code/Filter/altera_fir/rtl/decimation_filter/decimation_filter_FilterSystem.sv Line: 25
    Info (15718): Pin "busIn_address[8]" is virtual input pin File: G:/EM_LAB/EM_Instrument/TEMR-3S/Num01_code/Filter/altera_fir/rtl/decimation_filter/decimation_filter_FilterSystem.sv Line: 25
    Info (15718): Pin "busIn_address[9]" is virtual input pin File: G:/EM_LAB/EM_Instrument/TEMR-3S/Num01_code/Filter/altera_fir/rtl/decimation_filter/decimation_filter_FilterSystem.sv Line: 25
    Info (15718): Pin "busIn_address[10]" is virtual input pin File: G:/EM_LAB/EM_Instrument/TEMR-3S/Num01_code/Filter/altera_fir/rtl/decimation_filter/decimation_filter_FilterSystem.sv Line: 25
    Info (15718): Pin "busIn_address[0]" is virtual input pin File: G:/EM_LAB/EM_Instrument/TEMR-3S/Num01_code/Filter/altera_fir/rtl/decimation_filter/decimation_filter_FilterSystem.sv Line: 25
    Info (15718): Pin "busIn_address[4]" is virtual input pin File: G:/EM_LAB/EM_Instrument/TEMR-3S/Num01_code/Filter/altera_fir/rtl/decimation_filter/decimation_filter_FilterSystem.sv Line: 25
    Info (15718): Pin "busIn_address[3]" is virtual input pin File: G:/EM_LAB/EM_Instrument/TEMR-3S/Num01_code/Filter/altera_fir/rtl/decimation_filter/decimation_filter_FilterSystem.sv Line: 25
    Info (15718): Pin "busIn_address[1]" is virtual input pin File: G:/EM_LAB/EM_Instrument/TEMR-3S/Num01_code/Filter/altera_fir/rtl/decimation_filter/decimation_filter_FilterSystem.sv Line: 25
    Info (15718): Pin "busIn_writedata[0]" is virtual input pin File: G:/EM_LAB/EM_Instrument/TEMR-3S/Num01_code/Filter/altera_fir/rtl/decimation_filter/decimation_filter_FilterSystem.sv Line: 24
    Info (15718): Pin "busIn_writedata[1]" is virtual input pin File: G:/EM_LAB/EM_Instrument/TEMR-3S/Num01_code/Filter/altera_fir/rtl/decimation_filter/decimation_filter_FilterSystem.sv Line: 24
    Info (15718): Pin "busIn_writedata[2]" is virtual input pin File: G:/EM_LAB/EM_Instrument/TEMR-3S/Num01_code/Filter/altera_fir/rtl/decimation_filter/decimation_filter_FilterSystem.sv Line: 24
    Info (15718): Pin "busIn_writedata[3]" is virtual input pin File: G:/EM_LAB/EM_Instrument/TEMR-3S/Num01_code/Filter/altera_fir/rtl/decimation_filter/decimation_filter_FilterSystem.sv Line: 24
    Info (15718): Pin "busIn_writedata[4]" is virtual input pin File: G:/EM_LAB/EM_Instrument/TEMR-3S/Num01_code/Filter/altera_fir/rtl/decimation_filter/decimation_filter_FilterSystem.sv Line: 24
    Info (15718): Pin "busIn_writedata[5]" is virtual input pin File: G:/EM_LAB/EM_Instrument/TEMR-3S/Num01_code/Filter/altera_fir/rtl/decimation_filter/decimation_filter_FilterSystem.sv Line: 24
    Info (15718): Pin "busIn_writedata[6]" is virtual input pin File: G:/EM_LAB/EM_Instrument/TEMR-3S/Num01_code/Filter/altera_fir/rtl/decimation_filter/decimation_filter_FilterSystem.sv Line: 24
    Info (15718): Pin "busIn_writedata[7]" is virtual input pin File: G:/EM_LAB/EM_Instrument/TEMR-3S/Num01_code/Filter/altera_fir/rtl/decimation_filter/decimation_filter_FilterSystem.sv Line: 24
    Info (15718): Pin "busIn_writedata[8]" is virtual input pin File: G:/EM_LAB/EM_Instrument/TEMR-3S/Num01_code/Filter/altera_fir/rtl/decimation_filter/decimation_filter_FilterSystem.sv Line: 24
    Info (15718): Pin "busIn_writedata[9]" is virtual input pin File: G:/EM_LAB/EM_Instrument/TEMR-3S/Num01_code/Filter/altera_fir/rtl/decimation_filter/decimation_filter_FilterSystem.sv Line: 24
    Info (15718): Pin "busIn_writedata[10]" is virtual input pin File: G:/EM_LAB/EM_Instrument/TEMR-3S/Num01_code/Filter/altera_fir/rtl/decimation_filter/decimation_filter_FilterSystem.sv Line: 24
    Info (15718): Pin "busIn_writedata[11]" is virtual input pin File: G:/EM_LAB/EM_Instrument/TEMR-3S/Num01_code/Filter/altera_fir/rtl/decimation_filter/decimation_filter_FilterSystem.sv Line: 24
    Info (15718): Pin "busIn_writedata[12]" is virtual input pin File: G:/EM_LAB/EM_Instrument/TEMR-3S/Num01_code/Filter/altera_fir/rtl/decimation_filter/decimation_filter_FilterSystem.sv Line: 24
    Info (15718): Pin "busIn_writedata[13]" is virtual input pin File: G:/EM_LAB/EM_Instrument/TEMR-3S/Num01_code/Filter/altera_fir/rtl/decimation_filter/decimation_filter_FilterSystem.sv Line: 24
    Info (15718): Pin "busIn_writedata[14]" is virtual input pin File: G:/EM_LAB/EM_Instrument/TEMR-3S/Num01_code/Filter/altera_fir/rtl/decimation_filter/decimation_filter_FilterSystem.sv Line: 24
    Info (15718): Pin "busIn_writedata[15]" is virtual input pin File: G:/EM_LAB/EM_Instrument/TEMR-3S/Num01_code/Filter/altera_fir/rtl/decimation_filter/decimation_filter_FilterSystem.sv Line: 24
    Info (15718): Pin "busIn_read[0]" is virtual input pin File: G:/EM_LAB/EM_Instrument/TEMR-3S/Num01_code/Filter/altera_fir/rtl/decimation_filter/decimation_filter_FilterSystem.sv Line: 27
    Info (15718): Pin "av[0]" is virtual input pin File: G:/EM_LAB/EM_Instrument/TEMR-3S/Num01_code/Filter/altera_fir/rtl/decimation_filter/decimation_filter_FilterSystem.sv Line: 32
    Info (15718): Pin "a[0]" is virtual input pin File: G:/EM_LAB/EM_Instrument/TEMR-3S/Num01_code/Filter/altera_fir/rtl/decimation_filter/decimation_filter_FilterSystem.sv Line: 31
    Info (15718): Pin "a[1]" is virtual input pin File: G:/EM_LAB/EM_Instrument/TEMR-3S/Num01_code/Filter/altera_fir/rtl/decimation_filter/decimation_filter_FilterSystem.sv Line: 31
    Info (15718): Pin "a[2]" is virtual input pin File: G:/EM_LAB/EM_Instrument/TEMR-3S/Num01_code/Filter/altera_fir/rtl/decimation_filter/decimation_filter_FilterSystem.sv Line: 31
    Info (15718): Pin "a[3]" is virtual input pin File: G:/EM_LAB/EM_Instrument/TEMR-3S/Num01_code/Filter/altera_fir/rtl/decimation_filter/decimation_filter_FilterSystem.sv Line: 31
    Info (15718): Pin "a[4]" is virtual input pin File: G:/EM_LAB/EM_Instrument/TEMR-3S/Num01_code/Filter/altera_fir/rtl/decimation_filter/decimation_filter_FilterSystem.sv Line: 31
    Info (15718): Pin "a[5]" is virtual input pin File: G:/EM_LAB/EM_Instrument/TEMR-3S/Num01_code/Filter/altera_fir/rtl/decimation_filter/decimation_filter_FilterSystem.sv Line: 31
    Info (15718): Pin "a[6]" is virtual input pin File: G:/EM_LAB/EM_Instrument/TEMR-3S/Num01_code/Filter/altera_fir/rtl/decimation_filter/decimation_filter_FilterSystem.sv Line: 31
    Info (15718): Pin "a[7]" is virtual input pin File: G:/EM_LAB/EM_Instrument/TEMR-3S/Num01_code/Filter/altera_fir/rtl/decimation_filter/decimation_filter_FilterSystem.sv Line: 31
    Info (15718): Pin "a[8]" is virtual input pin File: G:/EM_LAB/EM_Instrument/TEMR-3S/Num01_code/Filter/altera_fir/rtl/decimation_filter/decimation_filter_FilterSystem.sv Line: 31
    Info (15718): Pin "a[9]" is virtual input pin File: G:/EM_LAB/EM_Instrument/TEMR-3S/Num01_code/Filter/altera_fir/rtl/decimation_filter/decimation_filter_FilterSystem.sv Line: 31
    Info (15718): Pin "a[10]" is virtual input pin File: G:/EM_LAB/EM_Instrument/TEMR-3S/Num01_code/Filter/altera_fir/rtl/decimation_filter/decimation_filter_FilterSystem.sv Line: 31
    Info (15718): Pin "a[11]" is virtual input pin File: G:/EM_LAB/EM_Instrument/TEMR-3S/Num01_code/Filter/altera_fir/rtl/decimation_filter/decimation_filter_FilterSystem.sv Line: 31
    Info (15718): Pin "a[12]" is virtual input pin File: G:/EM_LAB/EM_Instrument/TEMR-3S/Num01_code/Filter/altera_fir/rtl/decimation_filter/decimation_filter_FilterSystem.sv Line: 31
    Info (15718): Pin "a[13]" is virtual input pin File: G:/EM_LAB/EM_Instrument/TEMR-3S/Num01_code/Filter/altera_fir/rtl/decimation_filter/decimation_filter_FilterSystem.sv Line: 31
    Info (15718): Pin "a[14]" is virtual input pin File: G:/EM_LAB/EM_Instrument/TEMR-3S/Num01_code/Filter/altera_fir/rtl/decimation_filter/decimation_filter_FilterSystem.sv Line: 31
    Info (15718): Pin "a[15]" is virtual input pin File: G:/EM_LAB/EM_Instrument/TEMR-3S/Num01_code/Filter/altera_fir/rtl/decimation_filter/decimation_filter_FilterSystem.sv Line: 31
    Info (15718): Pin "a[16]" is virtual input pin File: G:/EM_LAB/EM_Instrument/TEMR-3S/Num01_code/Filter/altera_fir/rtl/decimation_filter/decimation_filter_FilterSystem.sv Line: 31
Info (21057): Implemented 1597 device resources after synthesis - the final resource count might be different
    Info (21058): Implemented 3 input pins
    Info (21059): Implemented 0 output pins
    Info (21061): Implemented 1352 logic cells
    Info (21064): Implemented 230 RAM segments
    Info (21062): Implemented 12 DSP elements
Info: Quartus Prime Analysis & Synthesis was successful. 0 errors, 2 warnings
    Info: Peak virtual memory: 4871 megabytes
    Info: Processing ended: Thu Jan 23 17:49:08 2025
    Info: Elapsed time: 00:00:17
    Info: Total CPU time (on all processors): 00:00:04
Info: *******************************************************************
Info: Running Quartus Prime Fitter
    Info: Version 18.1.0 Build 625 09/12/2018 SJ Standard Edition
    Info: Processing started: Thu Jan 23 17:49:09 2025
Info: Command: quartus_fit --read_settings_files=off --write_settings_files=off decimation_filter_FilterSystem -c decimation_filter_FilterSystem
Info: qfit2_default_script.tcl version: #1
Info: Project  = decimation_filter_FilterSystem
Info: Revision = decimation_filter_FilterSystem
Warning (18236): Number of processors has not been specified which may cause overloading on shared machines.  Set the global assignment NUM_PARALLEL_PROCESSORS in your QSF to an appropriate value for best performance.
Info (20030): Parallel compilation is enabled and will use 14 of the 14 processors detected
Info (119006): Selected device 10M40DCF256A7G for design "decimation_filter_FilterSystem"
Info (21076): High junction temperature operating condition is not set. Assuming a default value of '125'.
Info (21076): Low junction temperature operating condition is not set. Assuming a default value of '-40'.
Info (171003): Fitter is performing an Auto Fit compilation, which may decrease Fitter effort to reduce compilation time
Info (176444): Device migration not selected. If you intend to use device migration later, you may need to change the pin assignments as they may be incompatible with other devices
    Info (176445): Device 10M08DCF256A7G is compatible
    Info (176445): Device 10M08DCF256I7G is compatible
    Info (176445): Device 10M04DCF256A7G is compatible
    Info (176445): Device 10M04DCF256I7G is compatible
    Info (176445): Device 10M16DCF256A7G is compatible
    Info (176445): Device 10M16DCF256C7G is compatible
    Info (176445): Device 10M16DCF256I7G is compatible
    Info (176445): Device 10M25DCF256A7G is compatible
    Info (176445): Device 10M25DCF256C7G is compatible
    Info (176445): Device 10M25DCF256I7G is compatible
    Info (176445): Device 10M50DCF256A7G is compatible
    Info (176445): Device 10M50DCF256C7G is compatible
    Info (176445): Device 10M50DCF256I7G is compatible
    Info (176445): Device 10M40DCF256C7G is compatible
    Info (176445): Device 10M40DCF256I7G is compatible
Info (169124): Fitter converted 8 user pins into dedicated programming pins
    Info (169125): Pin ~ALTERA_TMS~ is reserved at location H2
    Info (169125): Pin ~ALTERA_TCK~ is reserved at location H3
    Info (169125): Pin ~ALTERA_TDI~ is reserved at location G1
    Info (169125): Pin ~ALTERA_TDO~ is reserved at location H1
    Info (169125): Pin ~ALTERA_CONFIG_SEL~ is reserved at location F8
    Info (169125): Pin ~ALTERA_nCONFIG~ is reserved at location E8
    Info (169125): Pin ~ALTERA_nSTATUS~ is reserved at location F7
    Info (169125): Pin ~ALTERA_CONF_DONE~ is reserved at location E7
Info (169141): DATA[0] dual-purpose pin not reserved
Info (12825): Data[1]/ASDO dual-purpose pin not reserved
Info (12825): nCSO dual-purpose pin not reserved
Info (12825): DCLK dual-purpose pin not reserved
Warning (15714): Some pins have incomplete I/O assignments. Refer to the I/O Assignment Warnings report for details
Info (176045): Design uses memory blocks. Violating setup or hold times of memory block address registers for either read or write operations could cause memory contents to be corrupted. Make sure that all memory block address registers meet the setup and hold time requirements.
Critical Warning (169085): No exact pin location assignment(s) for 3 pins of 3 total pins. For the list of pins please refer to the I/O Assignment Warnings table in the fitter report.
Info (332104): Reading SDC File: 'rtl/decimation_filter/decimation_filter_FilterSystem.sdc'
Warning (332049): Ignored create_generated_clock at decimation_filter_FilterSystem.sdc(2): Source node: clk exists in the clock target list File: G:/EM_LAB/EM_Instrument/TEMR-3S/Num01_code/Filter/altera_fir/rtl/decimation_filter/decimation_filter_FilterSystem.sdc Line: 2
    Info (332050): create_generated_clock -name {clk} [get_ports {clk}] -source clk -divide_by 1 -multiply_by 1 File: G:/EM_LAB/EM_Instrument/TEMR-3S/Num01_code/Filter/altera_fir/rtl/decimation_filter/decimation_filter_FilterSystem.sdc Line: 2
Critical Warning (332168): The following clock transfers have no clock uncertainty assignment. For more accurate results, apply clock uncertainty assignments or use the derive_clock_uncertainty command.
    Critical Warning (332169): From clk (Rise) to clk (Rise) (setup and hold)
Info (332129): Detected timing requirements -- optimizing circuit to achieve only the specified requirements
Info (332111): Found 1 clocks
    Info (332111):   Period   Clock Name
    Info (332111): ======== ============
    Info (332111): 62500.000          clk
Info (176353): Automatically promoted node clk~input (placed in PIN J6 (CLK1n, DIFFIO_RX_L36n, DIFFOUT_L36n, High_Speed)) File: G:/EM_LAB/EM_Instrument/TEMR-3S/Num01_code/Filter/altera_fir/rtl/decimation_filter/decimation_filter_FilterSystem.sv Line: 37
    Info (176355): Automatically promoted destinations to use location or clock signal Global Clock CLKCTRL_G3
Info (176353): Automatically promoted node areset~input (placed in PIN K6 (CLK1p, DIFFIO_RX_L36p, DIFFOUT_L36p, High_Speed)) File: G:/EM_LAB/EM_Instrument/TEMR-3S/Num01_code/Filter/altera_fir/rtl/decimation_filter/decimation_filter_FilterSystem.sv Line: 38
    Info (176355): Automatically promoted destinations to use location or clock signal Global Clock CLKCTRL_G4
Info (176353): Automatically promoted node h_areset~input (placed in PIN M3 (CLK0n, DIFFIO_RX_L28n, DIFFOUT_L28n, High_Speed)) File: G:/EM_LAB/EM_Instrument/TEMR-3S/Num01_code/Filter/altera_fir/rtl/decimation_filter/decimation_filter_FilterSystem.sv Line: 40
    Info (176355): Automatically promoted destinations to use location or clock signal Global Clock CLKCTRL_G2
Info (176233): Starting register packing
Info (176235): Finished register packing
    Extra Info (176219): No registers were packed into other blocks
Info (171121): Fitter preparation operations ending: elapsed time is 00:00:01
Info (14896): Fitter has disabled Advanced Physical Optimization because it is not supported for the current family.
Info (170189): Fitter placement preparation operations beginning
Info (170190): Fitter placement preparation operations ending: elapsed time is 00:00:00
Info (170191): Fitter placement operations beginning
Info (170137): Fitter placement was successful
Info (170192): Fitter placement operations ending: elapsed time is 00:00:01
Info (170193): Fitter routing operations beginning
Info (170195): Router estimated average interconnect usage is 0% of the available device resources
    Info (170196): Router estimated peak interconnect usage is 16% of the available device resources in the region that extends from location X45_Y22 to location X55_Y32
Info (170199): The Fitter performed an Auto Fit compilation.  Optimizations were skipped to reduce compilation time.
    Info (170201): Optimizations that may affect the design's routability were skipped
    Info (170200): Optimizations that may affect the design's timing were skipped
Info (170194): Fitter routing operations ending: elapsed time is 00:00:01
Info (11888): Total time spent on timing analysis during the Fitter is 0.55 seconds.
Info (334003): Started post-fitting delay annotation
Info (334004): Delay annotation completed successfully
Info (334003): Started post-fitting delay annotation
Info (334004): Delay annotation completed successfully
Info (11218): Fitter post-fit operations ending: elapsed time is 00:00:01
Info (144001): Generated suppressed messages file G:/EM_LAB/EM_Instrument/TEMR-3S/Num01_code/Filter/altera_fir/decimation_filter_FilterSystem.fit.smsg
Info: Quartus Prime Fitter was successful. 0 errors, 6 warnings
    Info: Peak virtual memory: 6473 megabytes
    Info: Processing ended: Thu Jan 23 17:49:21 2025
    Info: Elapsed time: 00:00:12
    Info: Total CPU time (on all processors): 00:00:08
Info: *******************************************************************
Info: Running Quartus Prime Assembler
    Info: Version 18.1.0 Build 625 09/12/2018 SJ Standard Edition
    Info: Processing started: Thu Jan 23 17:49:22 2025
Info: Command: quartus_asm --read_settings_files=off --write_settings_files=off decimation_filter_FilterSystem -c decimation_filter_FilterSystem
Warning (18236): Number of processors has not been specified which may cause overloading on shared machines.  Set the global assignment NUM_PARALLEL_PROCESSORS in your QSF to an appropriate value for best performance.
Info (115031): Writing out detailed assembly data for power analysis
Info (115030): Assembler is generating device programming files
Info: Quartus Prime Assembler was successful. 0 errors, 1 warning
    Info: Peak virtual memory: 4691 megabytes
    Info: Processing ended: Thu Jan 23 17:49:25 2025
    Info: Elapsed time: 00:00:03
    Info: Total CPU time (on all processors): 00:00:01
Info (293026): Skipped module Power Analyzer due to the assignment FLOW_ENABLE_POWER_ANALYZER
Info: *******************************************************************
Info: Running Quartus Prime Timing Analyzer
    Info: Version 18.1.0 Build 625 09/12/2018 SJ Standard Edition
    Info: Processing started: Thu Jan 23 17:49:26 2025
Info: Command: quartus_sta decimation_filter_FilterSystem -c decimation_filter_FilterSystem
Info: qsta_default_script.tcl version: #1
Warning (18236): Number of processors has not been specified which may cause overloading on shared machines.  Set the global assignment NUM_PARALLEL_PROCESSORS in your QSF to an appropriate value for best performance.
Info (20030): Parallel compilation is enabled and will use 14 of the 14 processors detected
Info (21076): High junction temperature operating condition is not set. Assuming a default value of '125'.
Info (21076): Low junction temperature operating condition is not set. Assuming a default value of '-40'.
Info (332104): Reading SDC File: 'rtl/decimation_filter/decimation_filter_FilterSystem.sdc'
Warning (332049): Ignored create_generated_clock at decimation_filter_FilterSystem.sdc(2): Source node: clk exists in the clock target list File: G:/EM_LAB/EM_Instrument/TEMR-3S/Num01_code/Filter/altera_fir/rtl/decimation_filter/decimation_filter_FilterSystem.sdc Line: 2
    Info (332050): create_generated_clock -name {clk} [get_ports {clk}] -source clk -divide_by 1 -multiply_by 1 File: G:/EM_LAB/EM_Instrument/TEMR-3S/Num01_code/Filter/altera_fir/rtl/decimation_filter/decimation_filter_FilterSystem.sdc Line: 2
Critical Warning (332168): The following clock transfers have no clock uncertainty assignment. For more accurate results, apply clock uncertainty assignments or use the derive_clock_uncertainty command.
    Critical Warning (332169): From clk (Rise) to clk (Rise) (setup and hold)
Info: Found TIMING_ANALYZER_REPORT_SCRIPT_INCLUDE_DEFAULT_ANALYSIS = ON
Info: Analyzing Slow 1200mV 125C Model
Info: Can't run Report Timing Closure Recommendations. The current device family is not supported.
Info (332146): Worst-case setup slack is 62489.801
    Info (332119):     Slack       End Point TNS Clock 
    Info (332119): ========= =================== =====================
    Info (332119): 62489.801               0.000 clk 
Info (332146): Worst-case hold slack is 0.326
    Info (332119):     Slack       End Point TNS Clock 
    Info (332119): ========= =================== =====================
    Info (332119):     0.326               0.000 clk 
Info (332140): No Recovery paths to report
Info (332140): No Removal paths to report
Info (332146): Worst-case minimum pulse width slack is 31249.510
    Info (332119):     Slack       End Point TNS Clock 
    Info (332119): ========= =================== =====================
    Info (332119): 31249.510               0.000 clk 
Info (332114): Report Metastability: Found 41 synchronizer chains.
    Info (332114): The design MTBF is not calculated because there are no specified synchronizers in the design.
    Info (332114): Number of Synchronizer Chains Found: 41
    Info (332114): Shortest Synchronizer Chain: 2 Registers
    Info (332114): Fraction of Chains for which MTBFs Could Not be Calculated: 1.000
    Info (332114): Worst Case Available Settling Time: 62497.694 ns
Info: Analyzing Slow 1200mV -40C Model
Info (334003): Started post-fitting delay annotation
Info (334004): Delay annotation completed successfully
Critical Warning (332168): The following clock transfers have no clock uncertainty assignment. For more accurate results, apply clock uncertainty assignments or use the derive_clock_uncertainty command.
    Critical Warning (332169): From clk (Rise) to clk (Rise) (setup and hold)
Info (332146): Worst-case setup slack is 62491.788
    Info (332119):     Slack       End Point TNS Clock 
    Info (332119): ========= =================== =====================
    Info (332119): 62491.788               0.000 clk 
Info (332146): Worst-case hold slack is 0.240
    Info (332119):     Slack       End Point TNS Clock 
    Info (332119): ========= =================== =====================
    Info (332119):     0.240               0.000 clk 
Info (332140): No Recovery paths to report
Info (332140): No Removal paths to report
Info (332146): Worst-case minimum pulse width slack is 31249.530
    Info (332119):     Slack       End Point TNS Clock 
    Info (332119): ========= =================== =====================
    Info (332119): 31249.530               0.000 clk 
Info (332114): Report Metastability: Found 41 synchronizer chains.
    Info (332114): The design MTBF is not calculated because there are no specified synchronizers in the design.
    Info (332114): Number of Synchronizer Chains Found: 41
    Info (332114): Shortest Synchronizer Chain: 2 Registers
    Info (332114): Fraction of Chains for which MTBFs Could Not be Calculated: 1.000
    Info (332114): Worst Case Available Settling Time: 62498.114 ns
Info: Analyzing Fast 1200mV -40C Model
Critical Warning (332168): The following clock transfers have no clock uncertainty assignment. For more accurate results, apply clock uncertainty assignments or use the derive_clock_uncertainty command.
    Critical Warning (332169): From clk (Rise) to clk (Rise) (setup and hold)
Info (332146): Worst-case setup slack is 62496.282
    Info (332119):     Slack       End Point TNS Clock 
    Info (332119): ========= =================== =====================
    Info (332119): 62496.282               0.000 clk 
Info (332146): Worst-case hold slack is 0.084
    Info (332119):     Slack       End Point TNS Clock 
    Info (332119): ========= =================== =====================
    Info (332119):     0.084               0.000 clk 
Info (332140): No Recovery paths to report
Info (332140): No Removal paths to report
Info (332146): Worst-case minimum pulse width slack is 31249.415
    Info (332119):     Slack       End Point TNS Clock 
    Info (332119): ========= =================== =====================
    Info (332119): 31249.415               0.000 clk 
Info (332114): Report Metastability: Found 41 synchronizer chains.
    Info (332114): The design MTBF is not calculated because there are no specified synchronizers in the design.
    Info (332114): Number of Synchronizer Chains Found: 41
    Info (332114): Shortest Synchronizer Chain: 2 Registers
    Info (332114): Fraction of Chains for which MTBFs Could Not be Calculated: 1.000
    Info (332114): Worst Case Available Settling Time: 62499.129 ns
Info (332102): Design is not fully constrained for setup requirements
Info (332102): Design is not fully constrained for hold requirements
Info: Quartus Prime Timing Analyzer was successful. 0 errors, 8 warnings
    Info: Peak virtual memory: 4952 megabytes
    Info: Processing ended: Thu Jan 23 17:49:30 2025
    Info: Elapsed time: 00:00:04
    Info: Total CPU time (on all processors): 00:00:02
Info (293000): Quartus Prime Full Compilation was successful. 0 errors, 17 warnings
Warning (18236): Number of processors has not been specified which may cause overloading on shared machines.  Set the global assignment NUM_PARALLEL_PROCESSORS in your QSF to an appropriate value for best performance.
Info (20030): Parallel compilation is enabled and will use 14 of the 14 processors detected
Info (21076): High junction temperature operating condition is not set. Assuming a default value of '125'.
Info (21076): Low junction temperature operating condition is not set. Assuming a default value of '-40'.
Info (332104): Reading SDC File: 'rtl/decimation_filter/decimation_filter_FilterSystem.sdc'
Warning (332049): Ignored create_generated_clock at decimation_filter_FilterSystem.sdc(2): Source node: clk exists in the clock target list File: G:/EM_LAB/EM_Instrument/TEMR-3S/Num01_code/Filter/altera_fir/rtl/decimation_filter/decimation_filter_FilterSystem.sdc Line: 2
    Info (332050): create_generated_clock -name {clk} [get_ports {clk}] -source clk -divide_by 1 -multiply_by 1 File: G:/EM_LAB/EM_Instrument/TEMR-3S/Num01_code/Filter/altera_fir/rtl/decimation_filter/decimation_filter_FilterSystem.sdc Line: 2
Critical Warning (332168): The following clock transfers have no clock uncertainty assignment. For more accurate results, apply clock uncertainty assignments or use the derive_clock_uncertainty command.
    Critical Warning (332169): From clk (Rise) to clk (Rise) (setup and hold)
Extracting key data from report...
LE,Regs,DSP_9bit,Mem_Bits,M9K,IO,FMax,Slack,Required
1254,1084,12,1792,14,3,98.05,62489.8011219,0.016,98.05,
FAMILY MAX 10
DEVICE Unknown
TIMING PATH
Info (332115): decimation_filter_FilterSystem_DecimatingFIR2:theDecimatingFIR2|u0_m0_wo0_accum_o[11] is interpreted as [get_keepers {decimation_filter_FilterSystem_DecimatingFIR2:theDecimatingFIR2|u0_m0_wo0_accum_o[11]}].
Info (332115): decimation_filter_FilterSystem_Scale3:theScale3|u0_mux_q[0] is interpreted as [get_keepers {decimation_filter_FilterSystem_Scale3:theScale3|u0_mux_q[0]}].
Info (332115): Report Timing: Found 1 setup paths (0 violated).  Worst case slack is 62489.801
    Info (332115): -from [get_keepers {decimation_filter_FilterSystem_DecimatingFIR2:theDecimatingFIR2|u0_m0_wo0_accum_o[11]}]
    Info (332115): -to [get_keepers {decimation_filter_FilterSystem_Scale3:theScale3|u0_mux_q[0]}]
    Info (332115): -from_clock [get_clocks {clk}]
    Info (332115): -to_clock [get_clocks {clk}]
    Info (332115): -setup
    Info (332115): -npaths 1
    Info (332115): -show_routing
    Info (332115): -detail full_path
    Info (332115): -file {cpath0.fit}
----------------
; Command Info ;
----------------
Report Timing: Found 1 setup paths (0 violated).  Worst case slack is 62489.801 

Tcl Command:
    report_timing -setup -show_routing -file cpath0.fit -from [get_keepers {decimation_filter_FilterSystem_DecimatingFIR2:theDecimatingFIR2|u0_m0_wo0_accum_o[11]}] -to [get_keepers {decimation_filter_FilterSystem_Scale3:theScale3|u0_mux_q[0]}] -from_clock [get_clocks {clk}] -to_clock [get_clocks {clk}] -npaths 1 -detail full_path

Options:
    -from [get_keepers {decimation_filter_FilterSystem_DecimatingFIR2:theDecimatingFIR2|u0_m0_wo0_accum_o[11]}] 
    -to [get_keepers {decimation_filter_FilterSystem_Scale3:theScale3|u0_mux_q[0]}] 
    -from_clock [get_clocks {clk}] 
    -to_clock [get_clocks {clk}] 
    -setup 
    -npaths 1 
    -show_routing 
    -detail full_path 
    -file {cpath0.fit} 

Delay Model:
    Slow 1200mV 125C Model

+---------------------------------------------------------------------------------------------------------------------------------------------------------------------------------------------------------------------------------------+
; Summary of Paths                                                                                                                                                                                                                      ;
+-----------+---------------------------------------------------------------------------------------+-------------------------------------------------------------+--------------+-------------+--------------+------------+------------+
; Slack     ; From Node                                                                             ; To Node                                                     ; Launch Clock ; Latch Clock ; Relationship ; Clock Skew ; Data Delay ;
+-----------+---------------------------------------------------------------------------------------+-------------------------------------------------------------+--------------+-------------+--------------+------------+------------+
; 62489.801 ; decimation_filter_FilterSystem_DecimatingFIR2:theDecimatingFIR2|u0_m0_wo0_accum_o[11] ; decimation_filter_FilterSystem_Scale3:theScale3|u0_mux_q[0] ; clk          ; clk         ; 62500.000    ; -0.078     ; 10.133     ;
+-----------+---------------------------------------------------------------------------------------+-------------------------------------------------------------+--------------+-------------+--------------+------------+------------+

Path #1: Setup slack is 62489.801 
===============================================================================
+------------------------------------------------------------------------------------------------------------+
; Path Summary                                                                                               ;
+--------------------+---------------------------------------------------------------------------------------+
; Property           ; Value                                                                                 ;
+--------------------+---------------------------------------------------------------------------------------+
; From Node          ; decimation_filter_FilterSystem_DecimatingFIR2:theDecimatingFIR2|u0_m0_wo0_accum_o[11] ;
; To Node            ; decimation_filter_FilterSystem_Scale3:theScale3|u0_mux_q[0]                           ;
; Launch Clock       ; clk                                                                                   ;
; Latch Clock        ; clk                                                                                   ;
; Data Arrival Time  ; 14.018                                                                                ;
; Data Required Time ; 62503.819                                                                             ;
; Slack              ; 62489.801                                                                             ;
+--------------------+---------------------------------------------------------------------------------------+

+----------------------------------------------------------------------------------------+
; Statistics                                                                             ;
+------------------------+-----------+-------+-------------+------------+--------+-------+
; Property               ; Value     ; Count ; Total Delay ; % of Total ; Min    ; Max   ;
+------------------------+-----------+-------+-------------+------------+--------+-------+
; Setup Relationship     ; 62500.000 ;       ;             ;            ;        ;       ;
; Clock Skew             ; -0.078    ;       ;             ;            ;        ;       ;
; Data Delay             ; 10.133    ;       ;             ;            ;        ;       ;
; Number of Logic Levels ;           ; 6     ;             ;            ;        ;       ;
; Physical Delays        ;           ;       ;             ;            ;        ;       ;
;  Arrival Path          ;           ;       ;             ;            ;        ;       ;
;   Clock                ;           ;       ;             ;            ;        ;       ;
;    IC                  ;           ; 3     ; 0.001       ; 0          ; 0.000  ; 0.001 ;
;    Cell                ;           ; 3     ; 1.254       ; 32         ; 0.000  ; 0.737 ;
;    Routing Element     ;           ; 11    ; 2.630       ; 68         ; 0.000  ; 0.920 ;
;   Data                 ;           ;       ;             ;            ;        ;       ;
;    IC                  ;           ; 31    ; 0.002       ; 0          ; 0.000  ; 0.001 ;
;    Cell                ;           ; 32    ; 5.467       ; 54         ; 0.000  ; 0.646 ;
;    uTco                ;           ; 1     ; 0.207       ; 2          ; 0.207  ; 0.207 ;
;    Routing Element     ;           ; 45    ; 4.457       ; 44         ; 0.000  ; 0.595 ;
;  Required Path         ;           ;       ;             ;            ;        ;       ;
;   Clock                ;           ;       ;             ;            ;        ;       ;
;    IC                  ;           ; 3     ; -0.001      ; 0          ; -0.001 ; 0.000 ;
;    Cell                ;           ; 3     ; 1.217       ; 33         ; 0.000  ; 0.737 ;
;    Routing Element     ;           ; 11    ; 2.526       ; 67         ; 0.000  ; 0.883 ;
+------------------------+-----------+-------+-------------+------------+--------+-------+
Note: Negative delays are omitted from totals when calculating percentages

+---------------------------------------------------------------------------------------------------------------------------------------------------------------------+
; Data Arrival Path                                                                                                                                                   ;
+----------+---------+----+------+--------+-----------------------------------+---------------------------------------------------------------------------------------+
; Total    ; Incr    ; RF ; Type ; Fanout ; Location                          ; Element                                                                               ;
+----------+---------+----+------+--------+-----------------------------------+---------------------------------------------------------------------------------------+
; 0.000    ; 0.000   ;    ;      ;        ;                                   ; launch edge time                                                                      ;
; 3.885    ; 3.885   ;    ;      ;        ;                                   ; clock path                                                                            ;
;   0.000  ;   0.000 ;    ;      ;        ;                                   ; source latency                                                                        ;
;   0.000  ;   0.000 ;    ;      ; 1      ; PIN_J6                            ; clk                                                                                   ;
;   0.000  ;   0.000 ;    ; RE   ; 1      ; IOPAD_X0_Y18_N14                  ; CUDA_IO_PAD                                                                           ;
;   0.000  ;   0.000 ; RR ; IC   ; 1      ; IOIBUF_X0_Y18_N15                 ; clk~input|i                                                                           ;
;   0.737  ;   0.737 ; RR ; CELL ; 1      ; IOIBUF_X0_Y18_N15                 ; clk~input|o                                                                           ;
;   0.737  ;   0.000 ;    ; RE   ; 1      ; IOIBUF_X0_Y18_N15                 ; ZIPPLEBACK_IO_IBUF                                                                    ;
;   1.657  ;   0.920 ;    ; RE   ; 1      ; CLK_BUFFER_X0_Y18_N2_I0           ; CLK_BUFFER                                                                            ;
;   1.657  ;   0.000 ;    ; RE   ; 1      ; CLKBUF_IN_X0_Y38_N31_I1           ; CLKBUF_IN                                                                             ;
;   1.657  ;   0.000 ; RR ; IC   ; 1      ; CLKCTRL_G3                        ; clk~inputclkctrl|inclk[0]                                                             ;
;   1.657  ;   0.000 ; RR ; CELL ; 1122   ; CLKCTRL_G3                        ; clk~inputclkctrl|outclk                                                               ;
;   1.657  ;   0.000 ;    ; RE   ; 1      ; CLKCTRL_G3                        ; CUDA_CLKBUF                                                                           ;
;   1.685  ;   0.028 ;    ; RE   ; 1      ; CLKBUF_OUT_X0_Y38_N31_I0          ; CLKBUF_OUT                                                                            ;
;   2.364  ;   0.679 ;    ; RE   ; 2      ; GLOBAL_CLK_H_X0_Y38_N0_I3         ; GLOBAL_CLK_H                                                                          ;
;   2.586  ;   0.222 ;    ; RE   ; 14     ; GLOBAL_CLK_V_X59_Y0_N0_I3         ; GLOBAL_CLK_V                                                                          ;
;   2.804  ;   0.218 ;    ; RE   ; 1      ; SCLK_TO_ROWCLK_BUF_X59_Y22_N0_I11 ; SCLK_TO_ROWCLK_BUF                                                                    ;
;   3.276  ;   0.472 ;    ; RE   ; 11     ; LAB_CLK_X44_Y22_N0_I4             ; LAB_CLK                                                                               ;
;   3.367  ;   0.091 ;    ; RE   ; 16     ; BLK_CLK_BUF_X45_Y22_N0_I4         ; BLK_CLK_BUF                                                                           ;
;   3.368  ;   0.001 ; RR ; IC   ; 1      ; FF_X45_Y22_N1                     ; theDecimatingFIR2|u0_m0_wo0_accum_o[11]|clk                                           ;
;   3.885  ;   0.517 ; RR ; CELL ; 1      ; FF_X45_Y22_N1                     ; decimation_filter_FilterSystem_DecimatingFIR2:theDecimatingFIR2|u0_m0_wo0_accum_o[11] ;
; 14.018   ; 10.133  ;    ;      ;        ;                                   ; data path                                                                             ;
;   4.092  ;   0.207 ;    ; uTco ; 1      ; FF_X45_Y22_N1                     ; decimation_filter_FilterSystem_DecimatingFIR2:theDecimatingFIR2|u0_m0_wo0_accum_o[11] ;
;   4.092  ;   0.000 ; FF ; CELL ; 2      ; FF_X45_Y22_N1                     ; theDecimatingFIR2|u0_m0_wo0_accum_o[11]|q                                             ;
;   4.182  ;   0.090 ;    ; RE   ; 1      ; FF_X45_Y22_N1                     ; CUDA_FF                                                                               ;
;   4.280  ;   0.098 ;    ; RE   ; 2      ; LE_BUFFER_X45_Y22_N0_I1           ; LE_BUFFER                                                                             ;
;   4.666  ;   0.386 ;    ; RE   ; 1      ; LOCAL_INTERCONNECT_X45_Y23_N0_I29 ; LAB_LINE                                                                              ;
;   4.667  ;   0.001 ; FF ; IC   ; 1      ; LCCOMB_X45_Y23_N4                 ; theScale3|u0_rnd_replace_mux_q[0]~2|datab                                             ;
;   5.105  ;   0.438 ; FF ; CELL ; 1      ; LCCOMB_X45_Y23_N4                 ; theScale3|u0_rnd_replace_mux_q[0]~2|combout                                           ;
;   5.124  ;   0.019 ;    ; RE   ; 1      ; LCCOMB_X45_Y23_N4                 ; CUDA_LCELL_COMB                                                                       ;
;   5.372  ;   0.248 ;    ; RE   ; 1      ; LOCAL_LINE_X45_Y23_N0_I2          ; LOCAL_LINE                                                                            ;
;   5.372  ;   0.000 ; FF ; IC   ; 1      ; LCCOMB_X45_Y23_N6                 ; theScale3|u0_rnd_replace_mux_q[0]~3|datac                                             ;
;   5.673  ;   0.301 ; FF ; CELL ; 1      ; LCCOMB_X45_Y23_N6                 ; theScale3|u0_rnd_replace_mux_q[0]~3|combout                                           ;
;   5.692  ;   0.019 ;    ; RE   ; 1      ; LCCOMB_X45_Y23_N6                 ; CUDA_LCELL_COMB                                                                       ;
;   5.993  ;   0.301 ;    ; RE   ; 1      ; LOCAL_LINE_X45_Y23_N0_I3          ; LOCAL_LINE                                                                            ;
;   5.993  ;   0.000 ; FF ; IC   ; 1      ; LCCOMB_X45_Y23_N0                 ; theScale3|u0_rnd_replace_mux_q[0]~4|dataa                                             ;
;   6.447  ;   0.454 ; FF ; CELL ; 1      ; LCCOMB_X45_Y23_N0                 ; theScale3|u0_rnd_replace_mux_q[0]~4|combout                                           ;
;   6.464  ;   0.017 ;    ; RE   ; 1      ; LCCOMB_X45_Y23_N0                 ; CUDA_LCELL_COMB                                                                       ;
;   6.550  ;   0.086 ;    ; RE   ; 1      ; LE_BUFFER_X45_Y23_N0_I1           ; LE_BUFFER                                                                             ;
;   6.815  ;   0.265 ;    ; RE   ; 1      ; C4_X44_Y19_N0_I12                 ; V_SEG4                                                                                ;
;   7.325  ;   0.510 ;    ; RE   ; 1      ; LOCAL_INTERCONNECT_X44_Y22_N0_I14 ; LAB_LINE                                                                              ;
;   7.325  ;   0.000 ; FF ; IC   ; 2      ; LCCOMB_X44_Y22_N8                 ; theScale3|Add0~0|dataa                                                                ;
;   7.845  ;   0.520 ; FF ; CELL ; 1      ; LCCOMB_X44_Y22_N8                 ; theScale3|Add0~0|cout                                                                 ;
;   7.845  ;   0.000 ;    ; RE   ; 3      ; LCCOMB_X44_Y22_N8                 ; CUDA_LCELL_COMB                                                                       ;
;   7.845  ;   0.000 ; FF ; IC   ; 2      ; LCCOMB_X44_Y22_N10                ; theScale3|Add0~2|cin                                                                  ;
;   7.906  ;   0.061 ; FR ; CELL ; 1      ; LCCOMB_X44_Y22_N10                ; theScale3|Add0~2|cout                                                                 ;
;   7.906  ;   0.000 ;    ; RE   ; 2      ; LCCOMB_X44_Y22_N10                ; CUDA_LCELL_COMB                                                                       ;
;   7.906  ;   0.000 ; RR ; IC   ; 2      ; LCCOMB_X44_Y22_N12                ; theScale3|Add0~4|cin                                                                  ;
;   7.967  ;   0.061 ; RF ; CELL ; 1      ; LCCOMB_X44_Y22_N12                ; theScale3|Add0~4|cout                                                                 ;
;   7.967  ;   0.000 ;    ; RE   ; 3      ; LCCOMB_X44_Y22_N12                ; CUDA_LCELL_COMB                                                                       ;
;   7.967  ;   0.000 ; FF ; IC   ; 2      ; LCCOMB_X44_Y22_N14                ; theScale3|Add0~6|cin                                                                  ;
;   8.028  ;   0.061 ; FR ; CELL ; 1      ; LCCOMB_X44_Y22_N14                ; theScale3|Add0~6|cout                                                                 ;
;   8.028  ;   0.000 ;    ; RE   ; 3      ; LCCOMB_X44_Y22_N14                ; CUDA_LCELL_COMB                                                                       ;
;   8.028  ;   0.000 ; RR ; IC   ; 2      ; LCCOMB_X44_Y22_N16                ; theScale3|Add0~8|cin                                                                  ;
;   8.089  ;   0.061 ; RF ; CELL ; 1      ; LCCOMB_X44_Y22_N16                ; theScale3|Add0~8|cout                                                                 ;
;   8.089  ;   0.000 ;    ; RE   ; 2      ; LCCOMB_X44_Y22_N16                ; CUDA_LCELL_COMB                                                                       ;
;   8.089  ;   0.000 ; FF ; IC   ; 2      ; LCCOMB_X44_Y22_N18                ; theScale3|Add0~10|cin                                                                 ;
;   8.150  ;   0.061 ; FR ; CELL ; 1      ; LCCOMB_X44_Y22_N18                ; theScale3|Add0~10|cout                                                                ;
;   8.150  ;   0.000 ;    ; RE   ; 2      ; LCCOMB_X44_Y22_N18                ; CUDA_LCELL_COMB                                                                       ;
;   8.150  ;   0.000 ; RR ; IC   ; 2      ; LCCOMB_X44_Y22_N20                ; theScale3|Add0~12|cin                                                                 ;
;   8.211  ;   0.061 ; RF ; CELL ; 1      ; LCCOMB_X44_Y22_N20                ; theScale3|Add0~12|cout                                                                ;
;   8.211  ;   0.000 ;    ; RE   ; 2      ; LCCOMB_X44_Y22_N20                ; CUDA_LCELL_COMB                                                                       ;
;   8.211  ;   0.000 ; FF ; IC   ; 2      ; LCCOMB_X44_Y22_N22                ; theScale3|Add0~14|cin                                                                 ;
;   8.272  ;   0.061 ; FR ; CELL ; 1      ; LCCOMB_X44_Y22_N22                ; theScale3|Add0~14|cout                                                                ;
;   8.272  ;   0.000 ;    ; RE   ; 2      ; LCCOMB_X44_Y22_N22                ; CUDA_LCELL_COMB                                                                       ;
;   8.272  ;   0.000 ; RR ; IC   ; 2      ; LCCOMB_X44_Y22_N24                ; theScale3|Add0~16|cin                                                                 ;
;   8.333  ;   0.061 ; RF ; CELL ; 1      ; LCCOMB_X44_Y22_N24                ; theScale3|Add0~16|cout                                                                ;
;   8.333  ;   0.000 ;    ; RE   ; 2      ; LCCOMB_X44_Y22_N24                ; CUDA_LCELL_COMB                                                                       ;
;   8.333  ;   0.000 ; FF ; IC   ; 2      ; LCCOMB_X44_Y22_N26                ; theScale3|Add0~18|cin                                                                 ;
;   8.394  ;   0.061 ; FR ; CELL ; 1      ; LCCOMB_X44_Y22_N26                ; theScale3|Add0~18|cout                                                                ;
;   8.394  ;   0.000 ;    ; RE   ; 2      ; LCCOMB_X44_Y22_N26                ; CUDA_LCELL_COMB                                                                       ;
;   8.394  ;   0.000 ; RR ; IC   ; 2      ; LCCOMB_X44_Y22_N28                ; theScale3|Add0~20|cin                                                                 ;
;   8.455  ;   0.061 ; RF ; CELL ; 1      ; LCCOMB_X44_Y22_N28                ; theScale3|Add0~20|cout                                                                ;
;   8.455  ;   0.000 ;    ; RE   ; 3      ; LCCOMB_X44_Y22_N28                ; CUDA_LCELL_COMB                                                                       ;
;   8.455  ;   0.000 ; FF ; IC   ; 2      ; LCCOMB_X44_Y22_N30                ; theScale3|Add0~22|cin                                                                 ;
;   8.516  ;   0.061 ; FR ; CELL ; 1      ; LCCOMB_X44_Y22_N30                ; theScale3|Add0~22|cout                                                                ;
;   8.516  ;   0.000 ;    ; RE   ; 2      ; LCCOMB_X44_Y22_N30                ; CUDA_LCELL_COMB                                                                       ;
;   8.516  ;   0.000 ; RR ; IC   ; 2      ; LCCOMB_X44_Y21_N0                 ; theScale3|Add0~24|cin                                                                 ;
;   8.577  ;   0.061 ; RF ; CELL ; 1      ; LCCOMB_X44_Y21_N0                 ; theScale3|Add0~24|cout                                                                ;
;   8.577  ;   0.000 ;    ; RE   ; 2      ; LCCOMB_X44_Y21_N0                 ; CUDA_LCELL_COMB                                                                       ;
;   8.577  ;   0.000 ; FF ; IC   ; 2      ; LCCOMB_X44_Y21_N2                 ; theScale3|Add0~26|cin                                                                 ;
;   8.638  ;   0.061 ; FR ; CELL ; 1      ; LCCOMB_X44_Y21_N2                 ; theScale3|Add0~26|cout                                                                ;
;   8.638  ;   0.000 ;    ; RE   ; 2      ; LCCOMB_X44_Y21_N2                 ; CUDA_LCELL_COMB                                                                       ;
;   8.638  ;   0.000 ; RR ; IC   ; 2      ; LCCOMB_X44_Y21_N4                 ; theScale3|Add0~28|cin                                                                 ;
;   8.699  ;   0.061 ; RF ; CELL ; 1      ; LCCOMB_X44_Y21_N4                 ; theScale3|Add0~28|cout                                                                ;
;   8.699  ;   0.000 ;    ; RE   ; 3      ; LCCOMB_X44_Y21_N4                 ; CUDA_LCELL_COMB                                                                       ;
;   8.699  ;   0.000 ; FF ; IC   ; 2      ; LCCOMB_X44_Y21_N6                 ; theScale3|Add0~30|cin                                                                 ;
;   8.760  ;   0.061 ; FR ; CELL ; 1      ; LCCOMB_X44_Y21_N6                 ; theScale3|Add0~30|cout                                                                ;
;   8.760  ;   0.000 ;    ; RE   ; 2      ; LCCOMB_X44_Y21_N6                 ; CUDA_LCELL_COMB                                                                       ;
;   8.760  ;   0.000 ; RR ; IC   ; 2      ; LCCOMB_X44_Y21_N8                 ; theScale3|Add0~32|cin                                                                 ;
;   8.821  ;   0.061 ; RF ; CELL ; 1      ; LCCOMB_X44_Y21_N8                 ; theScale3|Add0~32|cout                                                                ;
;   8.821  ;   0.000 ;    ; RE   ; 2      ; LCCOMB_X44_Y21_N8                 ; CUDA_LCELL_COMB                                                                       ;
;   8.821  ;   0.000 ; FF ; IC   ; 2      ; LCCOMB_X44_Y21_N10                ; theScale3|Add0~34|cin                                                                 ;
;   8.882  ;   0.061 ; FR ; CELL ; 1      ; LCCOMB_X44_Y21_N10                ; theScale3|Add0~34|cout                                                                ;
;   8.882  ;   0.000 ;    ; RE   ; 2      ; LCCOMB_X44_Y21_N10                ; CUDA_LCELL_COMB                                                                       ;
;   8.882  ;   0.000 ; RR ; IC   ; 2      ; LCCOMB_X44_Y21_N12                ; theScale3|Add0~36|cin                                                                 ;
;   8.943  ;   0.061 ; RF ; CELL ; 1      ; LCCOMB_X44_Y21_N12                ; theScale3|Add0~36|cout                                                                ;
;   8.943  ;   0.000 ;    ; RE   ; 2      ; LCCOMB_X44_Y21_N12                ; CUDA_LCELL_COMB                                                                       ;
;   8.943  ;   0.000 ; FF ; IC   ; 2      ; LCCOMB_X44_Y21_N14                ; theScale3|Add0~38|cin                                                                 ;
;   9.004  ;   0.061 ; FR ; CELL ; 1      ; LCCOMB_X44_Y21_N14                ; theScale3|Add0~38|cout                                                                ;
;   9.004  ;   0.000 ;    ; RE   ; 2      ; LCCOMB_X44_Y21_N14                ; CUDA_LCELL_COMB                                                                       ;
;   9.004  ;   0.000 ; RR ; IC   ; 2      ; LCCOMB_X44_Y21_N16                ; theScale3|Add0~40|cin                                                                 ;
;   9.650  ;   0.646 ; RR ; CELL ; 2      ; LCCOMB_X44_Y21_N16                ; theScale3|Add0~40|combout                                                             ;
;   9.672  ;   0.022 ;    ; RE   ; 2      ; LCCOMB_X44_Y21_N16                ; CUDA_LCELL_COMB                                                                       ;
;   9.744  ;   0.072 ;    ; RE   ; 1      ; LE_BUFFER_X44_Y21_N0_I17          ; LE_BUFFER                                                                             ;
;   10.069 ;   0.325 ;    ; RE   ; 2      ; R4_X41_Y21_N0_I26                 ; H_SEG4                                                                                ;
;   10.524 ;   0.455 ;    ; RE   ; 1      ; LOCAL_INTERCONNECT_X42_Y21_N0_I10 ; LAB_LINE                                                                              ;
;   10.524 ;   0.000 ; RR ; IC   ; 1      ; LCCOMB_X42_Y21_N18                ; theScale3|Add1~9|dataa                                                                ;
;   11.075 ;   0.551 ; RF ; CELL ; 1      ; LCCOMB_X42_Y21_N18                ; theScale3|Add1~9|cout                                                                 ;
;   11.075 ;   0.000 ;    ; RE   ; 1      ; LCCOMB_X42_Y21_N18                ; CUDA_LCELL_COMB                                                                       ;
;   11.075 ;   0.000 ; FF ; IC   ; 1      ; LCCOMB_X42_Y21_N20                ; theScale3|Add1~11|cin                                                                 ;
;   11.136 ;   0.061 ; FR ; CELL ; 1      ; LCCOMB_X42_Y21_N20                ; theScale3|Add1~11|cout                                                                ;
;   11.136 ;   0.000 ;    ; RE   ; 1      ; LCCOMB_X42_Y21_N20                ; CUDA_LCELL_COMB                                                                       ;
;   11.136 ;   0.000 ; RR ; IC   ; 1      ; LCCOMB_X42_Y21_N22                ; theScale3|Add1~13|cin                                                                 ;
;   11.197 ;   0.061 ; RF ; CELL ; 1      ; LCCOMB_X42_Y21_N22                ; theScale3|Add1~13|cout                                                                ;
;   11.197 ;   0.000 ;    ; RE   ; 1      ; LCCOMB_X42_Y21_N22                ; CUDA_LCELL_COMB                                                                       ;
;   11.197 ;   0.000 ; FF ; IC   ; 1      ; LCCOMB_X42_Y21_N24                ; theScale3|Add1~15|cin                                                                 ;
;   11.258 ;   0.061 ; FR ; CELL ; 1      ; LCCOMB_X42_Y21_N24                ; theScale3|Add1~15|cout                                                                ;
;   11.258 ;   0.000 ;    ; RE   ; 1      ; LCCOMB_X42_Y21_N24                ; CUDA_LCELL_COMB                                                                       ;
;   11.258 ;   0.000 ; RR ; IC   ; 1      ; LCCOMB_X42_Y21_N26                ; theScale3|Add1~16|cin                                                                 ;
;   11.904 ;   0.646 ; RR ; CELL ; 17     ; LCCOMB_X42_Y21_N26                ; theScale3|Add1~16|combout                                                             ;
;   11.935 ;   0.031 ;    ; RE   ; 2      ; LCCOMB_X42_Y21_N26                ; CUDA_LCELL_COMB                                                                       ;
;   12.023 ;   0.088 ;    ; RE   ; 2      ; LE_BUFFER_X42_Y21_N0_I26          ; LE_BUFFER                                                                             ;
;   12.327 ;   0.304 ;    ; RE   ; 2      ; R4_X42_Y21_N0_I13                 ; H_SEG4                                                                                ;
;   12.922 ;   0.595 ;    ; RE   ; 2      ; C4_X43_Y22_N0_I10                 ; V_SEG4                                                                                ;
;   13.448 ;   0.526 ;    ; RE   ; 4      ; LOCAL_INTERCONNECT_X44_Y22_N0_I20 ; LAB_LINE                                                                              ;
;   13.449 ;   0.001 ; RR ; IC   ; 1      ; LCCOMB_X44_Y22_N0                 ; theScale3|u0_mux_q~0|dataa                                                            ;
;   13.922 ;   0.473 ; RF ; CELL ; 1      ; LCCOMB_X44_Y22_N0                 ; theScale3|u0_mux_q~0|combout                                                          ;
;   13.922 ;   0.000 ;    ; RE   ; 1      ; LCCOMB_X44_Y22_N0                 ; CUDA_LCELL_COMB                                                                       ;
;   13.922 ;   0.000 ; FF ; IC   ; 1      ; FF_X44_Y22_N1                     ; theScale3|u0_mux_q[0]|d                                                               ;
;   14.018 ;   0.096 ; FF ; CELL ; 1      ; FF_X44_Y22_N1                     ; decimation_filter_FilterSystem_Scale3:theScale3|u0_mux_q[0]                           ;
+----------+---------+----+------+--------+-----------------------------------+---------------------------------------------------------------------------------------+

+------------------------------------------------------------------------------------------------------------------------------------------------+
; Data Required Path                                                                                                                             ;
+-------------+-----------+----+------+--------+-----------------------------------+-------------------------------------------------------------+
; Total       ; Incr      ; RF ; Type ; Fanout ; Location                          ; Element                                                     ;
+-------------+-----------+----+------+--------+-----------------------------------+-------------------------------------------------------------+
; 62500.000   ; 62500.000 ;    ;      ;        ;                                   ; latch edge time                                             ;
; 62503.807   ; 3.807     ;    ;      ;        ;                                   ; clock path                                                  ;
;   62500.000 ;   0.000   ;    ;      ;        ;                                   ; source latency                                              ;
;   62500.000 ;   0.000   ;    ;      ; 1      ; PIN_J6                            ; clk                                                         ;
;   62500.000 ;   0.000   ;    ; RE   ; 1      ; IOPAD_X0_Y18_N14                  ; CUDA_IO_PAD                                                 ;
;   62500.000 ;   0.000   ; RR ; IC   ; 1      ; IOIBUF_X0_Y18_N15                 ; clk~input|i                                                 ;
;   62500.737 ;   0.737   ; RR ; CELL ; 1      ; IOIBUF_X0_Y18_N15                 ; clk~input|o                                                 ;
;   62500.737 ;   0.000   ;    ; RE   ; 1      ; IOIBUF_X0_Y18_N15                 ; ZIPPLEBACK_IO_IBUF                                          ;
;   62501.620 ;   0.883   ;    ; RE   ; 1      ; CLK_BUFFER_X0_Y18_N2_I0           ; CLK_BUFFER                                                  ;
;   62501.620 ;   0.000   ;    ; RE   ; 1      ; CLKBUF_IN_X0_Y38_N31_I1           ; CLKBUF_IN                                                   ;
;   62501.620 ;   0.000   ; RR ; IC   ; 1      ; CLKCTRL_G3                        ; clk~inputclkctrl|inclk[0]                                   ;
;   62501.620 ;   0.000   ; RR ; CELL ; 1122   ; CLKCTRL_G3                        ; clk~inputclkctrl|outclk                                     ;
;   62501.620 ;   0.000   ;    ; RE   ; 1      ; CLKCTRL_G3                        ; CUDA_CLKBUF                                                 ;
;   62501.647 ;   0.027   ;    ; RE   ; 1      ; CLKBUF_OUT_X0_Y38_N31_I0          ; CLKBUF_OUT                                                  ;
;   62502.299 ;   0.652   ;    ; RE   ; 2      ; GLOBAL_CLK_H_X0_Y38_N0_I3         ; GLOBAL_CLK_H                                                ;
;   62502.513 ;   0.214   ;    ; RE   ; 14     ; GLOBAL_CLK_V_X59_Y0_N0_I3         ; GLOBAL_CLK_V                                                ;
;   62502.722 ;   0.209   ;    ; RE   ; 1      ; SCLK_TO_ROWCLK_BUF_X59_Y22_N0_I11 ; SCLK_TO_ROWCLK_BUF                                          ;
;   62503.175 ;   0.453   ;    ; RE   ; 11     ; LAB_CLK_X44_Y22_N0_I4             ; LAB_CLK                                                     ;
;   62503.263 ;   0.088   ;    ; RE   ; 4      ; BLK_CLK_BUF_X44_Y22_N0_I4         ; BLK_CLK_BUF                                                 ;
;   62503.262 ;   -0.001  ; RR ; IC   ; 1      ; FF_X44_Y22_N1                     ; theScale3|u0_mux_q[0]|clk                                   ;
;   62503.742 ;   0.480   ; RR ; CELL ; 1      ; FF_X44_Y22_N1                     ; decimation_filter_FilterSystem_Scale3:theScale3|u0_mux_q[0] ;
;   62503.807 ;   0.065   ;    ;      ;        ;                                   ; clock pessimism removed                                     ;
; 62503.819   ; 0.012     ;    ; uTsu ; 1      ; FF_X44_Y22_N1                     ; decimation_filter_FilterSystem_Scale3:theScale3|u0_mux_q[0] ;
+-------------+-----------+----+------+--------+-----------------------------------+-------------------------------------------------------------+



Info (23030): Evaluation of Tcl script ./rtl/decimation_filter/decimation_filter_FilterSystem.tcl was successful
Info: Quartus Prime Timing Analyzer was successful. 0 errors, 21 warnings
    Info: Peak virtual memory: 4776 megabytes
    Info: Processing ended: Thu Jan 23 17:49:31 2025
    Info: Elapsed time: 00:00:41
    Info: Total CPU time (on all processors): 00:00:00
